-- Logs begin at Sun 2022-02-06 12:44:44 KST, end at Sun 2022-02-06 15:04:11 KST. --
Feb 06 12:44:44 server1.example.com kernel: Linux version 4.18.0-305.3.1.el8.x86_64 (mockbuild@kbuilder.bsys.centos.org) (gcc version 8.4.1 20200928 (Red Hat 8.4.1-1) (GCC)) #1 SMP Tue Jun 1 16:14:33 UTC 2021
Feb 06 12:44:44 server1.example.com kernel: Command line: BOOT_IMAGE=(hd0,msdos1)/vmlinuz-4.18.0-305.3.1.el8.x86_64 root=/dev/mapper/cl-root ro resume=/dev/mapper/cl-swap rd.lvm.lv=cl/root rd.lvm.lv=cl/swap rhgb quiet
Feb 06 12:44:44 server1.example.com kernel: Disabled fast string operations
Feb 06 12:44:44 server1.example.com kernel: x86/fpu: Supporting XSAVE feature 0x001: 'x87 floating point registers'
Feb 06 12:44:44 server1.example.com kernel: x86/fpu: Supporting XSAVE feature 0x002: 'SSE registers'
Feb 06 12:44:44 server1.example.com kernel: x86/fpu: Supporting XSAVE feature 0x004: 'AVX registers'
Feb 06 12:44:44 server1.example.com kernel: x86/fpu: Supporting XSAVE feature 0x020: 'AVX-512 opmask'
Feb 06 12:44:44 server1.example.com kernel: x86/fpu: Supporting XSAVE feature 0x040: 'AVX-512 Hi256'
Feb 06 12:44:44 server1.example.com kernel: x86/fpu: Supporting XSAVE feature 0x080: 'AVX-512 ZMM_Hi256'
Feb 06 12:44:44 server1.example.com kernel: x86/fpu: Supporting XSAVE feature 0x200: 'Protection Keys User registers'
Feb 06 12:44:44 server1.example.com kernel: x86/fpu: xstate_offset[2]:  576, xstate_sizes[2]:  256
Feb 06 12:44:44 server1.example.com kernel: x86/fpu: xstate_offset[5]:  832, xstate_sizes[5]:   64
Feb 06 12:44:44 server1.example.com kernel: x86/fpu: xstate_offset[6]:  896, xstate_sizes[6]:  512
Feb 06 12:44:44 server1.example.com kernel: x86/fpu: xstate_offset[7]: 1408, xstate_sizes[7]: 1024
Feb 06 12:44:44 server1.example.com kernel: x86/fpu: xstate_offset[9]: 2432, xstate_sizes[9]:    8
Feb 06 12:44:44 server1.example.com kernel: x86/fpu: Enabled xstate features 0x2e7, context size is 2440 bytes, using 'compacted' format.
Feb 06 12:44:44 server1.example.com kernel: BIOS-provided physical RAM map:
Feb 06 12:44:44 server1.example.com kernel: BIOS-e820: [mem 0x0000000000000000-0x000000000009ebff] usable
Feb 06 12:44:44 server1.example.com kernel: BIOS-e820: [mem 0x000000000009ec00-0x000000000009ffff] reserved
Feb 06 12:44:44 server1.example.com kernel: BIOS-e820: [mem 0x00000000000dc000-0x00000000000fffff] reserved
Feb 06 12:44:44 server1.example.com kernel: BIOS-e820: [mem 0x0000000000100000-0x00000000bfecffff] usable
Feb 06 12:44:44 server1.example.com kernel: BIOS-e820: [mem 0x00000000bfed0000-0x00000000bfefefff] ACPI data
Feb 06 12:44:44 server1.example.com kernel: BIOS-e820: [mem 0x00000000bfeff000-0x00000000bfefffff] ACPI NVS
Feb 06 12:44:44 server1.example.com kernel: BIOS-e820: [mem 0x00000000bff00000-0x00000000bfffffff] usable
Feb 06 12:44:44 server1.example.com kernel: BIOS-e820: [mem 0x00000000f0000000-0x00000000f7ffffff] reserved
Feb 06 12:44:44 server1.example.com kernel: BIOS-e820: [mem 0x00000000fec00000-0x00000000fec0ffff] reserved
Feb 06 12:44:44 server1.example.com kernel: BIOS-e820: [mem 0x00000000fee00000-0x00000000fee00fff] reserved
Feb 06 12:44:44 server1.example.com kernel: BIOS-e820: [mem 0x00000000fffe0000-0x00000000ffffffff] reserved
Feb 06 12:44:44 server1.example.com kernel: BIOS-e820: [mem 0x0000000100000000-0x000000013fffffff] usable
Feb 06 12:44:44 server1.example.com kernel: NX (Execute Disable) protection: active
Feb 06 12:44:44 server1.example.com kernel: SMBIOS 2.7 present.
Feb 06 12:44:44 server1.example.com kernel: DMI: VMware, Inc. VMware Virtual Platform/440BX Desktop Reference Platform, BIOS 6.00 02/27/2020
Feb 06 12:44:44 server1.example.com kernel: vmware: hypercall mode: 0x00
Feb 06 12:44:44 server1.example.com kernel: Hypervisor detected: VMware
Feb 06 12:44:44 server1.example.com kernel: vmware: TSC freq read from hypervisor : 1497.601 MHz
Feb 06 12:44:44 server1.example.com kernel: vmware: Host bus clock speed read from hypervisor : 66000000 Hz
Feb 06 12:44:44 server1.example.com kernel: vmware: using clock offset of 50559416915 ns
Feb 06 12:44:44 server1.example.com kernel: tsc: Detected 1497.601 MHz processor
Feb 06 12:44:44 server1.example.com kernel: e820: update [mem 0x00000000-0x00000fff] usable ==> reserved
Feb 06 12:44:44 server1.example.com kernel: e820: remove [mem 0x000a0000-0x000fffff] usable
Feb 06 12:44:44 server1.example.com kernel: last_pfn = 0x140000 max_arch_pfn = 0x400000000
Feb 06 12:44:44 server1.example.com kernel: MTRR default type: uncachable
Feb 06 12:44:44 server1.example.com kernel: MTRR fixed ranges enabled:
Feb 06 12:44:44 server1.example.com kernel:   00000-9FFFF write-back
Feb 06 12:44:44 server1.example.com kernel:   A0000-BFFFF uncachable
Feb 06 12:44:44 server1.example.com kernel:   C0000-CBFFF write-protect
Feb 06 12:44:44 server1.example.com kernel:   CC000-EFFFF uncachable
Feb 06 12:44:44 server1.example.com kernel:   F0000-FFFFF write-protect
Feb 06 12:44:44 server1.example.com kernel: MTRR variable ranges enabled:
Feb 06 12:44:44 server1.example.com kernel:   0 base 00000000000 mask 7E000000000 write-back
Feb 06 12:44:44 server1.example.com kernel:   1 base 000C0000000 mask 7FFC0000000 uncachable
Feb 06 12:44:44 server1.example.com kernel:   2 disabled
Feb 06 12:44:44 server1.example.com kernel:   3 disabled
Feb 06 12:44:44 server1.example.com kernel:   4 disabled
Feb 06 12:44:44 server1.example.com kernel:   5 disabled
Feb 06 12:44:44 server1.example.com kernel:   6 disabled
Feb 06 12:44:44 server1.example.com kernel:   7 disabled
Feb 06 12:44:44 server1.example.com kernel: x86/PAT: Configuration [0-7]: WB  WC  UC- UC  WB  WP  UC- WT  
Feb 06 12:44:44 server1.example.com kernel: total RAM covered: 130048M
Feb 06 12:44:44 server1.example.com kernel: Found optimal setting for mtrr clean up
Feb 06 12:44:44 server1.example.com kernel:  gran_size: 64K         chunk_size: 64K         num_reg: 7          lose cover RAM: 0G
Feb 06 12:44:44 server1.example.com kernel: e820: update [mem 0xc0000000-0xffffffff] usable ==> reserved
Feb 06 12:44:44 server1.example.com kernel: last_pfn = 0xc0000 max_arch_pfn = 0x400000000
Feb 06 12:44:44 server1.example.com kernel: found SMP MP-table at [mem 0x000f6a70-0x000f6a7f]
Feb 06 12:44:44 server1.example.com kernel: Using GB pages for direct mapping
Feb 06 12:44:44 server1.example.com kernel: BRK [0x46e02000, 0x46e02fff] PGTABLE
Feb 06 12:44:44 server1.example.com kernel: BRK [0x46e03000, 0x46e03fff] PGTABLE
Feb 06 12:44:44 server1.example.com kernel: BRK [0x46e04000, 0x46e04fff] PGTABLE
Feb 06 12:44:44 server1.example.com kernel: BRK [0x46e05000, 0x46e05fff] PGTABLE
Feb 06 12:44:44 server1.example.com kernel: RAMDISK: [mem 0x31722000-0x34b88fff]
Feb 06 12:44:44 server1.example.com kernel: ACPI: Early table checksum verification disabled
Feb 06 12:44:44 server1.example.com kernel: ACPI: RSDP 0x00000000000F6A00 000024 (v02 PTLTD )
Feb 06 12:44:44 server1.example.com kernel: ACPI: XSDT 0x00000000BFEDC633 00005C (v01 INTEL  440BX    06040000 VMW  01324272)
Feb 06 12:44:44 server1.example.com kernel: ACPI: FACP 0x00000000BFEFEE73 0000F4 (v04 INTEL  440BX    06040000 PTL  000F4240)
Feb 06 12:44:44 server1.example.com kernel: ACPI: DSDT 0x00000000BFEDD9E8 02148B (v01 PTLTD  Custom   06040000 MSFT 03000001)
Feb 06 12:44:44 server1.example.com kernel: ACPI: FACS 0x00000000BFEFFFC0 000040
Feb 06 12:44:44 server1.example.com kernel: ACPI: FACS 0x00000000BFEFFFC0 000040
Feb 06 12:44:44 server1.example.com kernel: ACPI: BOOT 0x00000000BFEDD9C0 000028 (v01 PTLTD  $SBFTBL$ 06040000  LTP 00000001)
Feb 06 12:44:44 server1.example.com kernel: ACPI: APIC 0x00000000BFEDD27E 000742 (v01 PTLTD  ? APIC   06040000  LTP 00000000)
Feb 06 12:44:44 server1.example.com kernel: ACPI: MCFG 0x00000000BFEDD242 00003C (v01 PTLTD  $PCITBL$ 06040000  LTP 00000001)
Feb 06 12:44:44 server1.example.com kernel: ACPI: SRAT 0x00000000BFEDC72F 0008D0 (v02 VMWARE MEMPLUG  06040000 VMW  00000001)
Feb 06 12:44:44 server1.example.com kernel: ACPI: HPET 0x00000000BFEDC6F7 000038 (v01 VMWARE VMW HPET 06040000 VMW  00000001)
Feb 06 12:44:44 server1.example.com kernel: ACPI: WAET 0x00000000BFEDC6CF 000028 (v01 VMWARE VMW WAET 06040000 VMW  00000001)
Feb 06 12:44:44 server1.example.com kernel: ACPI: Local APIC address 0xfee00000
Feb 06 12:44:44 server1.example.com kernel: system APIC only can use physical flat
Feb 06 12:44:44 server1.example.com kernel: Setting APIC routing to physical flat.
Feb 06 12:44:44 server1.example.com kernel: SRAT: PXM 0 -> APIC 0x00 -> Node 0
Feb 06 12:44:44 server1.example.com kernel: SRAT: PXM 0 -> APIC 0x01 -> Node 0
Feb 06 12:44:44 server1.example.com kernel: SRAT: PXM 0 -> APIC 0x02 -> Node 0
Feb 06 12:44:44 server1.example.com kernel: SRAT: PXM 0 -> APIC 0x03 -> Node 0
Feb 06 12:44:44 server1.example.com kernel: SRAT: PXM 0 -> APIC 0x04 -> Node 0
Feb 06 12:44:44 server1.example.com kernel: SRAT: PXM 0 -> APIC 0x05 -> Node 0
Feb 06 12:44:44 server1.example.com kernel: SRAT: PXM 0 -> APIC 0x06 -> Node 0
Feb 06 12:44:44 server1.example.com kernel: SRAT: PXM 0 -> APIC 0x07 -> Node 0
Feb 06 12:44:44 server1.example.com kernel: SRAT: PXM 0 -> APIC 0x08 -> Node 0
Feb 06 12:44:44 server1.example.com kernel: SRAT: PXM 0 -> APIC 0x09 -> Node 0
Feb 06 12:44:44 server1.example.com kernel: SRAT: PXM 0 -> APIC 0x0a -> Node 0
Feb 06 12:44:44 server1.example.com kernel: SRAT: PXM 0 -> APIC 0x0b -> Node 0
Feb 06 12:44:44 server1.example.com kernel: SRAT: PXM 0 -> APIC 0x0c -> Node 0
Feb 06 12:44:44 server1.example.com kernel: SRAT: PXM 0 -> APIC 0x0d -> Node 0
Feb 06 12:44:44 server1.example.com kernel: SRAT: PXM 0 -> APIC 0x0e -> Node 0
Feb 06 12:44:44 server1.example.com kernel: SRAT: PXM 0 -> APIC 0x0f -> Node 0
Feb 06 12:44:44 server1.example.com kernel: SRAT: PXM 0 -> APIC 0x10 -> Node 0
Feb 06 12:44:44 server1.example.com kernel: SRAT: PXM 0 -> APIC 0x11 -> Node 0
Feb 06 12:44:44 server1.example.com kernel: SRAT: PXM 0 -> APIC 0x12 -> Node 0
Feb 06 12:44:44 server1.example.com kernel: SRAT: PXM 0 -> APIC 0x13 -> Node 0
Feb 06 12:44:44 server1.example.com kernel: SRAT: PXM 0 -> APIC 0x14 -> Node 0
Feb 06 12:44:44 server1.example.com kernel: SRAT: PXM 0 -> APIC 0x15 -> Node 0
Feb 06 12:44:44 server1.example.com kernel: SRAT: PXM 0 -> APIC 0x16 -> Node 0
Feb 06 12:44:44 server1.example.com kernel: SRAT: PXM 0 -> APIC 0x17 -> Node 0
Feb 06 12:44:44 server1.example.com kernel: SRAT: PXM 0 -> APIC 0x18 -> Node 0
Feb 06 12:44:44 server1.example.com kernel: SRAT: PXM 0 -> APIC 0x19 -> Node 0
Feb 06 12:44:44 server1.example.com kernel: SRAT: PXM 0 -> APIC 0x1a -> Node 0
Feb 06 12:44:44 server1.example.com kernel: SRAT: PXM 0 -> APIC 0x1b -> Node 0
Feb 06 12:44:44 server1.example.com kernel: SRAT: PXM 0 -> APIC 0x1c -> Node 0
Feb 06 12:44:44 server1.example.com kernel: SRAT: PXM 0 -> APIC 0x1d -> Node 0
Feb 06 12:44:44 server1.example.com kernel: SRAT: PXM 0 -> APIC 0x1e -> Node 0
Feb 06 12:44:44 server1.example.com kernel: SRAT: PXM 0 -> APIC 0x1f -> Node 0
Feb 06 12:44:44 server1.example.com kernel: SRAT: PXM 0 -> APIC 0x20 -> Node 0
Feb 06 12:44:44 server1.example.com kernel: SRAT: PXM 0 -> APIC 0x21 -> Node 0
Feb 06 12:44:44 server1.example.com kernel: SRAT: PXM 0 -> APIC 0x22 -> Node 0
Feb 06 12:44:44 server1.example.com kernel: SRAT: PXM 0 -> APIC 0x23 -> Node 0
Feb 06 12:44:44 server1.example.com kernel: SRAT: PXM 0 -> APIC 0x24 -> Node 0
Feb 06 12:44:44 server1.example.com kernel: SRAT: PXM 0 -> APIC 0x25 -> Node 0
Feb 06 12:44:44 server1.example.com kernel: SRAT: PXM 0 -> APIC 0x26 -> Node 0
Feb 06 12:44:44 server1.example.com kernel: SRAT: PXM 0 -> APIC 0x27 -> Node 0
Feb 06 12:44:44 server1.example.com kernel: SRAT: PXM 0 -> APIC 0x28 -> Node 0
Feb 06 12:44:44 server1.example.com kernel: SRAT: PXM 0 -> APIC 0x29 -> Node 0
Feb 06 12:44:44 server1.example.com kernel: SRAT: PXM 0 -> APIC 0x2a -> Node 0
Feb 06 12:44:44 server1.example.com kernel: SRAT: PXM 0 -> APIC 0x2b -> Node 0
Feb 06 12:44:44 server1.example.com kernel: SRAT: PXM 0 -> APIC 0x2c -> Node 0
Feb 06 12:44:44 server1.example.com kernel: SRAT: PXM 0 -> APIC 0x2d -> Node 0
Feb 06 12:44:44 server1.example.com kernel: SRAT: PXM 0 -> APIC 0x2e -> Node 0
Feb 06 12:44:44 server1.example.com kernel: SRAT: PXM 0 -> APIC 0x2f -> Node 0
Feb 06 12:44:44 server1.example.com kernel: SRAT: PXM 0 -> APIC 0x30 -> Node 0
Feb 06 12:44:44 server1.example.com kernel: SRAT: PXM 0 -> APIC 0x31 -> Node 0
Feb 06 12:44:44 server1.example.com kernel: SRAT: PXM 0 -> APIC 0x32 -> Node 0
Feb 06 12:44:44 server1.example.com kernel: SRAT: PXM 0 -> APIC 0x33 -> Node 0
Feb 06 12:44:44 server1.example.com kernel: SRAT: PXM 0 -> APIC 0x34 -> Node 0
Feb 06 12:44:44 server1.example.com kernel: SRAT: PXM 0 -> APIC 0x35 -> Node 0
Feb 06 12:44:44 server1.example.com kernel: SRAT: PXM 0 -> APIC 0x36 -> Node 0
Feb 06 12:44:44 server1.example.com kernel: SRAT: PXM 0 -> APIC 0x37 -> Node 0
Feb 06 12:44:44 server1.example.com kernel: SRAT: PXM 0 -> APIC 0x38 -> Node 0
Feb 06 12:44:44 server1.example.com kernel: SRAT: PXM 0 -> APIC 0x39 -> Node 0
Feb 06 12:44:44 server1.example.com kernel: SRAT: PXM 0 -> APIC 0x3a -> Node 0
Feb 06 12:44:44 server1.example.com kernel: SRAT: PXM 0 -> APIC 0x3b -> Node 0
Feb 06 12:44:44 server1.example.com kernel: SRAT: PXM 0 -> APIC 0x3c -> Node 0
Feb 06 12:44:44 server1.example.com kernel: SRAT: PXM 0 -> APIC 0x3d -> Node 0
Feb 06 12:44:44 server1.example.com kernel: SRAT: PXM 0 -> APIC 0x3e -> Node 0
Feb 06 12:44:44 server1.example.com kernel: SRAT: PXM 0 -> APIC 0x3f -> Node 0
Feb 06 12:44:44 server1.example.com kernel: SRAT: PXM 0 -> APIC 0x40 -> Node 0
Feb 06 12:44:44 server1.example.com kernel: SRAT: PXM 0 -> APIC 0x41 -> Node 0
Feb 06 12:44:44 server1.example.com kernel: SRAT: PXM 0 -> APIC 0x42 -> Node 0
Feb 06 12:44:44 server1.example.com kernel: SRAT: PXM 0 -> APIC 0x43 -> Node 0
Feb 06 12:44:44 server1.example.com kernel: SRAT: PXM 0 -> APIC 0x44 -> Node 0
Feb 06 12:44:44 server1.example.com kernel: SRAT: PXM 0 -> APIC 0x45 -> Node 0
Feb 06 12:44:44 server1.example.com kernel: SRAT: PXM 0 -> APIC 0x46 -> Node 0
Feb 06 12:44:44 server1.example.com kernel: SRAT: PXM 0 -> APIC 0x47 -> Node 0
Feb 06 12:44:44 server1.example.com kernel: SRAT: PXM 0 -> APIC 0x48 -> Node 0
Feb 06 12:44:44 server1.example.com kernel: SRAT: PXM 0 -> APIC 0x49 -> Node 0
Feb 06 12:44:44 server1.example.com kernel: SRAT: PXM 0 -> APIC 0x4a -> Node 0
Feb 06 12:44:44 server1.example.com kernel: SRAT: PXM 0 -> APIC 0x4b -> Node 0
Feb 06 12:44:44 server1.example.com kernel: SRAT: PXM 0 -> APIC 0x4c -> Node 0
Feb 06 12:44:44 server1.example.com kernel: SRAT: PXM 0 -> APIC 0x4d -> Node 0
Feb 06 12:44:44 server1.example.com kernel: SRAT: PXM 0 -> APIC 0x4e -> Node 0
Feb 06 12:44:44 server1.example.com kernel: SRAT: PXM 0 -> APIC 0x4f -> Node 0
Feb 06 12:44:44 server1.example.com kernel: SRAT: PXM 0 -> APIC 0x50 -> Node 0
Feb 06 12:44:44 server1.example.com kernel: SRAT: PXM 0 -> APIC 0x51 -> Node 0
Feb 06 12:44:44 server1.example.com kernel: SRAT: PXM 0 -> APIC 0x52 -> Node 0
Feb 06 12:44:44 server1.example.com kernel: SRAT: PXM 0 -> APIC 0x53 -> Node 0
Feb 06 12:44:44 server1.example.com kernel: SRAT: PXM 0 -> APIC 0x54 -> Node 0
Feb 06 12:44:44 server1.example.com kernel: SRAT: PXM 0 -> APIC 0x55 -> Node 0
Feb 06 12:44:44 server1.example.com kernel: SRAT: PXM 0 -> APIC 0x56 -> Node 0
Feb 06 12:44:44 server1.example.com kernel: SRAT: PXM 0 -> APIC 0x57 -> Node 0
Feb 06 12:44:44 server1.example.com kernel: SRAT: PXM 0 -> APIC 0x58 -> Node 0
Feb 06 12:44:44 server1.example.com kernel: SRAT: PXM 0 -> APIC 0x59 -> Node 0
Feb 06 12:44:44 server1.example.com kernel: SRAT: PXM 0 -> APIC 0x5a -> Node 0
Feb 06 12:44:44 server1.example.com kernel: SRAT: PXM 0 -> APIC 0x5b -> Node 0
Feb 06 12:44:44 server1.example.com kernel: SRAT: PXM 0 -> APIC 0x5c -> Node 0
Feb 06 12:44:44 server1.example.com kernel: SRAT: PXM 0 -> APIC 0x5d -> Node 0
Feb 06 12:44:44 server1.example.com kernel: SRAT: PXM 0 -> APIC 0x5e -> Node 0
Feb 06 12:44:44 server1.example.com kernel: SRAT: PXM 0 -> APIC 0x5f -> Node 0
Feb 06 12:44:44 server1.example.com kernel: SRAT: PXM 0 -> APIC 0x60 -> Node 0
Feb 06 12:44:44 server1.example.com kernel: SRAT: PXM 0 -> APIC 0x61 -> Node 0
Feb 06 12:44:44 server1.example.com kernel: SRAT: PXM 0 -> APIC 0x62 -> Node 0
Feb 06 12:44:44 server1.example.com kernel: SRAT: PXM 0 -> APIC 0x63 -> Node 0
Feb 06 12:44:44 server1.example.com kernel: SRAT: PXM 0 -> APIC 0x64 -> Node 0
Feb 06 12:44:44 server1.example.com kernel: SRAT: PXM 0 -> APIC 0x65 -> Node 0
Feb 06 12:44:44 server1.example.com kernel: SRAT: PXM 0 -> APIC 0x66 -> Node 0
Feb 06 12:44:44 server1.example.com kernel: SRAT: PXM 0 -> APIC 0x67 -> Node 0
Feb 06 12:44:44 server1.example.com kernel: SRAT: PXM 0 -> APIC 0x68 -> Node 0
Feb 06 12:44:44 server1.example.com kernel: SRAT: PXM 0 -> APIC 0x69 -> Node 0
Feb 06 12:44:44 server1.example.com kernel: SRAT: PXM 0 -> APIC 0x6a -> Node 0
Feb 06 12:44:44 server1.example.com kernel: SRAT: PXM 0 -> APIC 0x6b -> Node 0
Feb 06 12:44:44 server1.example.com kernel: SRAT: PXM 0 -> APIC 0x6c -> Node 0
Feb 06 12:44:44 server1.example.com kernel: SRAT: PXM 0 -> APIC 0x6d -> Node 0
Feb 06 12:44:44 server1.example.com kernel: SRAT: PXM 0 -> APIC 0x6e -> Node 0
Feb 06 12:44:44 server1.example.com kernel: SRAT: PXM 0 -> APIC 0x6f -> Node 0
Feb 06 12:44:44 server1.example.com kernel: SRAT: PXM 0 -> APIC 0x70 -> Node 0
Feb 06 12:44:44 server1.example.com kernel: SRAT: PXM 0 -> APIC 0x71 -> Node 0
Feb 06 12:44:44 server1.example.com kernel: SRAT: PXM 0 -> APIC 0x72 -> Node 0
Feb 06 12:44:44 server1.example.com kernel: SRAT: PXM 0 -> APIC 0x73 -> Node 0
Feb 06 12:44:44 server1.example.com kernel: SRAT: PXM 0 -> APIC 0x74 -> Node 0
Feb 06 12:44:44 server1.example.com kernel: SRAT: PXM 0 -> APIC 0x75 -> Node 0
Feb 06 12:44:44 server1.example.com kernel: SRAT: PXM 0 -> APIC 0x76 -> Node 0
Feb 06 12:44:44 server1.example.com kernel: SRAT: PXM 0 -> APIC 0x77 -> Node 0
Feb 06 12:44:44 server1.example.com kernel: SRAT: PXM 0 -> APIC 0x78 -> Node 0
Feb 06 12:44:44 server1.example.com kernel: SRAT: PXM 0 -> APIC 0x79 -> Node 0
Feb 06 12:44:44 server1.example.com kernel: SRAT: PXM 0 -> APIC 0x7a -> Node 0
Feb 06 12:44:44 server1.example.com kernel: SRAT: PXM 0 -> APIC 0x7b -> Node 0
Feb 06 12:44:44 server1.example.com kernel: SRAT: PXM 0 -> APIC 0x7c -> Node 0
Feb 06 12:44:44 server1.example.com kernel: SRAT: PXM 0 -> APIC 0x7d -> Node 0
Feb 06 12:44:44 server1.example.com kernel: SRAT: PXM 0 -> APIC 0x7e -> Node 0
Feb 06 12:44:44 server1.example.com kernel: SRAT: PXM 0 -> APIC 0x7f -> Node 0
Feb 06 12:44:44 server1.example.com kernel: ACPI: SRAT: Node 0 PXM 0 [mem 0x00000000-0x0009ffff]
Feb 06 12:44:44 server1.example.com kernel: ACPI: SRAT: Node 0 PXM 0 [mem 0x00100000-0xbfffffff]
Feb 06 12:44:44 server1.example.com kernel: ACPI: SRAT: Node 0 PXM 0 [mem 0x100000000-0x13fffffff]
Feb 06 12:44:44 server1.example.com kernel: ACPI: SRAT: Node 0 PXM 0 [mem 0x140000000-0x103fffffff] hotplug
Feb 06 12:44:44 server1.example.com kernel: NUMA: Node 0 [mem 0x00000000-0x0009ffff] + [mem 0x00100000-0xbfffffff] -> [mem 0x00000000-0xbfffffff]
Feb 06 12:44:44 server1.example.com kernel: NUMA: Node 0 [mem 0x00000000-0xbfffffff] + [mem 0x100000000-0x13fffffff] -> [mem 0x00000000-0x13fffffff]
Feb 06 12:44:44 server1.example.com kernel: NODE_DATA(0) allocated [mem 0x13ffd4000-0x13fffdfff]
Feb 06 12:44:44 server1.example.com kernel: Zone ranges:
Feb 06 12:44:44 server1.example.com kernel:   DMA      [mem 0x0000000000001000-0x0000000000ffffff]
Feb 06 12:44:44 server1.example.com kernel:   DMA32    [mem 0x0000000001000000-0x00000000ffffffff]
Feb 06 12:44:44 server1.example.com kernel:   Normal   [mem 0x0000000100000000-0x000000013fffffff]
Feb 06 12:44:44 server1.example.com kernel:   Device   empty
Feb 06 12:44:44 server1.example.com kernel: Movable zone start for each node
Feb 06 12:44:44 server1.example.com kernel: Early memory node ranges
Feb 06 12:44:44 server1.example.com kernel:   node   0: [mem 0x0000000000001000-0x000000000009dfff]
Feb 06 12:44:44 server1.example.com kernel:   node   0: [mem 0x0000000000100000-0x00000000bfecffff]
Feb 06 12:44:44 server1.example.com kernel:   node   0: [mem 0x00000000bff00000-0x00000000bfffffff]
Feb 06 12:44:44 server1.example.com kernel:   node   0: [mem 0x0000000100000000-0x000000013fffffff]
Feb 06 12:44:44 server1.example.com kernel: Zeroed struct page in unavailable ranges: 147 pages
Feb 06 12:44:44 server1.example.com kernel: Initmem setup node 0 [mem 0x0000000000001000-0x000000013fffffff]
Feb 06 12:44:44 server1.example.com kernel: On node 0 totalpages: 1048429
Feb 06 12:44:44 server1.example.com kernel:   DMA zone: 64 pages used for memmap
Feb 06 12:44:44 server1.example.com kernel:   DMA zone: 21 pages reserved
Feb 06 12:44:44 server1.example.com kernel:   DMA zone: 3997 pages, LIFO batch:0
Feb 06 12:44:44 server1.example.com kernel:   DMA32 zone: 12224 pages used for memmap
Feb 06 12:44:44 server1.example.com kernel:   DMA32 zone: 782288 pages, LIFO batch:63
Feb 06 12:44:44 server1.example.com kernel:   Normal zone: 4096 pages used for memmap
Feb 06 12:44:44 server1.example.com kernel:   Normal zone: 262144 pages, LIFO batch:63
Feb 06 12:44:44 server1.example.com kernel: ACPI: PM-Timer IO Port: 0x1008
Feb 06 12:44:44 server1.example.com kernel: ACPI: Local APIC address 0xfee00000
Feb 06 12:44:44 server1.example.com kernel: system APIC only can use physical flat
Feb 06 12:44:44 server1.example.com kernel: ACPI: LAPIC_NMI (acpi_id[0x00] high edge lint[0x1])
Feb 06 12:44:44 server1.example.com kernel: ACPI: LAPIC_NMI (acpi_id[0x01] high edge lint[0x1])
Feb 06 12:44:44 server1.example.com kernel: ACPI: LAPIC_NMI (acpi_id[0x02] high edge lint[0x1])
Feb 06 12:44:44 server1.example.com kernel: ACPI: LAPIC_NMI (acpi_id[0x03] high edge lint[0x1])
Feb 06 12:44:44 server1.example.com kernel: ACPI: LAPIC_NMI (acpi_id[0x04] high edge lint[0x1])
Feb 06 12:44:44 server1.example.com kernel: ACPI: LAPIC_NMI (acpi_id[0x05] high edge lint[0x1])
Feb 06 12:44:44 server1.example.com kernel: ACPI: LAPIC_NMI (acpi_id[0x06] high edge lint[0x1])
Feb 06 12:44:44 server1.example.com kernel: ACPI: LAPIC_NMI (acpi_id[0x07] high edge lint[0x1])
Feb 06 12:44:44 server1.example.com kernel: ACPI: LAPIC_NMI (acpi_id[0x08] high edge lint[0x1])
Feb 06 12:44:44 server1.example.com kernel: ACPI: LAPIC_NMI (acpi_id[0x09] high edge lint[0x1])
Feb 06 12:44:44 server1.example.com kernel: ACPI: LAPIC_NMI (acpi_id[0x0a] high edge lint[0x1])
Feb 06 12:44:44 server1.example.com kernel: ACPI: LAPIC_NMI (acpi_id[0x0b] high edge lint[0x1])
Feb 06 12:44:44 server1.example.com kernel: ACPI: LAPIC_NMI (acpi_id[0x0c] high edge lint[0x1])
Feb 06 12:44:44 server1.example.com kernel: ACPI: LAPIC_NMI (acpi_id[0x0d] high edge lint[0x1])
Feb 06 12:44:44 server1.example.com kernel: ACPI: LAPIC_NMI (acpi_id[0x0e] high edge lint[0x1])
Feb 06 12:44:44 server1.example.com kernel: ACPI: LAPIC_NMI (acpi_id[0x0f] high edge lint[0x1])
Feb 06 12:44:44 server1.example.com kernel: ACPI: LAPIC_NMI (acpi_id[0x10] high edge lint[0x1])
Feb 06 12:44:44 server1.example.com kernel: ACPI: LAPIC_NMI (acpi_id[0x11] high edge lint[0x1])
Feb 06 12:44:44 server1.example.com kernel: ACPI: LAPIC_NMI (acpi_id[0x12] high edge lint[0x1])
Feb 06 12:44:44 server1.example.com kernel: ACPI: LAPIC_NMI (acpi_id[0x13] high edge lint[0x1])
Feb 06 12:44:44 server1.example.com kernel: ACPI: LAPIC_NMI (acpi_id[0x14] high edge lint[0x1])
Feb 06 12:44:44 server1.example.com kernel: ACPI: LAPIC_NMI (acpi_id[0x15] high edge lint[0x1])
Feb 06 12:44:44 server1.example.com kernel: ACPI: LAPIC_NMI (acpi_id[0x16] high edge lint[0x1])
Feb 06 12:44:44 server1.example.com kernel: ACPI: LAPIC_NMI (acpi_id[0x17] high edge lint[0x1])
Feb 06 12:44:44 server1.example.com kernel: ACPI: LAPIC_NMI (acpi_id[0x18] high edge lint[0x1])
Feb 06 12:44:44 server1.example.com kernel: ACPI: LAPIC_NMI (acpi_id[0x19] high edge lint[0x1])
Feb 06 12:44:44 server1.example.com kernel: ACPI: LAPIC_NMI (acpi_id[0x1a] high edge lint[0x1])
Feb 06 12:44:44 server1.example.com kernel: ACPI: LAPIC_NMI (acpi_id[0x1b] high edge lint[0x1])
Feb 06 12:44:44 server1.example.com kernel: ACPI: LAPIC_NMI (acpi_id[0x1c] high edge lint[0x1])
Feb 06 12:44:44 server1.example.com kernel: ACPI: LAPIC_NMI (acpi_id[0x1d] high edge lint[0x1])
Feb 06 12:44:44 server1.example.com kernel: ACPI: LAPIC_NMI (acpi_id[0x1e] high edge lint[0x1])
Feb 06 12:44:44 server1.example.com kernel: ACPI: LAPIC_NMI (acpi_id[0x1f] high edge lint[0x1])
Feb 06 12:44:44 server1.example.com kernel: ACPI: LAPIC_NMI (acpi_id[0x20] high edge lint[0x1])
Feb 06 12:44:44 server1.example.com kernel: ACPI: LAPIC_NMI (acpi_id[0x21] high edge lint[0x1])
Feb 06 12:44:44 server1.example.com kernel: ACPI: LAPIC_NMI (acpi_id[0x22] high edge lint[0x1])
Feb 06 12:44:44 server1.example.com kernel: ACPI: LAPIC_NMI (acpi_id[0x23] high edge lint[0x1])
Feb 06 12:44:44 server1.example.com kernel: ACPI: LAPIC_NMI (acpi_id[0x24] high edge lint[0x1])
Feb 06 12:44:44 server1.example.com kernel: ACPI: LAPIC_NMI (acpi_id[0x25] high edge lint[0x1])
Feb 06 12:44:44 server1.example.com kernel: ACPI: LAPIC_NMI (acpi_id[0x26] high edge lint[0x1])
Feb 06 12:44:44 server1.example.com kernel: ACPI: LAPIC_NMI (acpi_id[0x27] high edge lint[0x1])
Feb 06 12:44:44 server1.example.com kernel: ACPI: LAPIC_NMI (acpi_id[0x28] high edge lint[0x1])
Feb 06 12:44:44 server1.example.com kernel: ACPI: LAPIC_NMI (acpi_id[0x29] high edge lint[0x1])
Feb 06 12:44:44 server1.example.com kernel: ACPI: LAPIC_NMI (acpi_id[0x2a] high edge lint[0x1])
Feb 06 12:44:44 server1.example.com kernel: ACPI: LAPIC_NMI (acpi_id[0x2b] high edge lint[0x1])
Feb 06 12:44:44 server1.example.com kernel: ACPI: LAPIC_NMI (acpi_id[0x2c] high edge lint[0x1])
Feb 06 12:44:44 server1.example.com kernel: ACPI: LAPIC_NMI (acpi_id[0x2d] high edge lint[0x1])
Feb 06 12:44:44 server1.example.com kernel: ACPI: LAPIC_NMI (acpi_id[0x2e] high edge lint[0x1])
Feb 06 12:44:44 server1.example.com kernel: ACPI: LAPIC_NMI (acpi_id[0x2f] high edge lint[0x1])
Feb 06 12:44:44 server1.example.com kernel: ACPI: LAPIC_NMI (acpi_id[0x30] high edge lint[0x1])
Feb 06 12:44:44 server1.example.com kernel: ACPI: LAPIC_NMI (acpi_id[0x31] high edge lint[0x1])
Feb 06 12:44:44 server1.example.com kernel: ACPI: LAPIC_NMI (acpi_id[0x32] high edge lint[0x1])
Feb 06 12:44:44 server1.example.com kernel: ACPI: LAPIC_NMI (acpi_id[0x33] high edge lint[0x1])
Feb 06 12:44:44 server1.example.com kernel: ACPI: LAPIC_NMI (acpi_id[0x34] high edge lint[0x1])
Feb 06 12:44:44 server1.example.com kernel: ACPI: LAPIC_NMI (acpi_id[0x35] high edge lint[0x1])
Feb 06 12:44:44 server1.example.com kernel: ACPI: LAPIC_NMI (acpi_id[0x36] high edge lint[0x1])
Feb 06 12:44:44 server1.example.com kernel: ACPI: LAPIC_NMI (acpi_id[0x37] high edge lint[0x1])
Feb 06 12:44:44 server1.example.com kernel: ACPI: LAPIC_NMI (acpi_id[0x38] high edge lint[0x1])
Feb 06 12:44:44 server1.example.com kernel: ACPI: LAPIC_NMI (acpi_id[0x39] high edge lint[0x1])
Feb 06 12:44:44 server1.example.com kernel: ACPI: LAPIC_NMI (acpi_id[0x3a] high edge lint[0x1])
Feb 06 12:44:44 server1.example.com kernel: ACPI: LAPIC_NMI (acpi_id[0x3b] high edge lint[0x1])
Feb 06 12:44:44 server1.example.com kernel: ACPI: LAPIC_NMI (acpi_id[0x3c] high edge lint[0x1])
Feb 06 12:44:44 server1.example.com kernel: ACPI: LAPIC_NMI (acpi_id[0x3d] high edge lint[0x1])
Feb 06 12:44:44 server1.example.com kernel: ACPI: LAPIC_NMI (acpi_id[0x3e] high edge lint[0x1])
Feb 06 12:44:44 server1.example.com kernel: ACPI: LAPIC_NMI (acpi_id[0x3f] high edge lint[0x1])
Feb 06 12:44:44 server1.example.com kernel: ACPI: LAPIC_NMI (acpi_id[0x40] high edge lint[0x1])
Feb 06 12:44:44 server1.example.com kernel: ACPI: LAPIC_NMI (acpi_id[0x41] high edge lint[0x1])
Feb 06 12:44:44 server1.example.com kernel: ACPI: LAPIC_NMI (acpi_id[0x42] high edge lint[0x1])
Feb 06 12:44:44 server1.example.com kernel: ACPI: LAPIC_NMI (acpi_id[0x43] high edge lint[0x1])
Feb 06 12:44:44 server1.example.com kernel: ACPI: LAPIC_NMI (acpi_id[0x44] high edge lint[0x1])
Feb 06 12:44:44 server1.example.com kernel: ACPI: LAPIC_NMI (acpi_id[0x45] high edge lint[0x1])
Feb 06 12:44:44 server1.example.com kernel: ACPI: LAPIC_NMI (acpi_id[0x46] high edge lint[0x1])
Feb 06 12:44:44 server1.example.com kernel: ACPI: LAPIC_NMI (acpi_id[0x47] high edge lint[0x1])
Feb 06 12:44:44 server1.example.com kernel: ACPI: LAPIC_NMI (acpi_id[0x48] high edge lint[0x1])
Feb 06 12:44:44 server1.example.com kernel: ACPI: LAPIC_NMI (acpi_id[0x49] high edge lint[0x1])
Feb 06 12:44:44 server1.example.com kernel: ACPI: LAPIC_NMI (acpi_id[0x4a] high edge lint[0x1])
Feb 06 12:44:44 server1.example.com kernel: ACPI: LAPIC_NMI (acpi_id[0x4b] high edge lint[0x1])
Feb 06 12:44:44 server1.example.com kernel: ACPI: LAPIC_NMI (acpi_id[0x4c] high edge lint[0x1])
Feb 06 12:44:44 server1.example.com kernel: ACPI: LAPIC_NMI (acpi_id[0x4d] high edge lint[0x1])
Feb 06 12:44:44 server1.example.com kernel: ACPI: LAPIC_NMI (acpi_id[0x4e] high edge lint[0x1])
Feb 06 12:44:44 server1.example.com kernel: ACPI: LAPIC_NMI (acpi_id[0x4f] high edge lint[0x1])
Feb 06 12:44:44 server1.example.com kernel: ACPI: LAPIC_NMI (acpi_id[0x50] high edge lint[0x1])
Feb 06 12:44:44 server1.example.com kernel: ACPI: LAPIC_NMI (acpi_id[0x51] high edge lint[0x1])
Feb 06 12:44:44 server1.example.com kernel: ACPI: LAPIC_NMI (acpi_id[0x52] high edge lint[0x1])
Feb 06 12:44:44 server1.example.com kernel: ACPI: LAPIC_NMI (acpi_id[0x53] high edge lint[0x1])
Feb 06 12:44:44 server1.example.com kernel: ACPI: LAPIC_NMI (acpi_id[0x54] high edge lint[0x1])
Feb 06 12:44:44 server1.example.com kernel: ACPI: LAPIC_NMI (acpi_id[0x55] high edge lint[0x1])
Feb 06 12:44:44 server1.example.com kernel: ACPI: LAPIC_NMI (acpi_id[0x56] high edge lint[0x1])
Feb 06 12:44:44 server1.example.com kernel: ACPI: LAPIC_NMI (acpi_id[0x57] high edge lint[0x1])
Feb 06 12:44:44 server1.example.com kernel: ACPI: LAPIC_NMI (acpi_id[0x58] high edge lint[0x1])
Feb 06 12:44:44 server1.example.com kernel: ACPI: LAPIC_NMI (acpi_id[0x59] high edge lint[0x1])
Feb 06 12:44:44 server1.example.com kernel: ACPI: LAPIC_NMI (acpi_id[0x5a] high edge lint[0x1])
Feb 06 12:44:44 server1.example.com kernel: ACPI: LAPIC_NMI (acpi_id[0x5b] high edge lint[0x1])
Feb 06 12:44:44 server1.example.com kernel: ACPI: LAPIC_NMI (acpi_id[0x5c] high edge lint[0x1])
Feb 06 12:44:44 server1.example.com kernel: ACPI: LAPIC_NMI (acpi_id[0x5d] high edge lint[0x1])
Feb 06 12:44:44 server1.example.com kernel: ACPI: LAPIC_NMI (acpi_id[0x5e] high edge lint[0x1])
Feb 06 12:44:44 server1.example.com kernel: ACPI: LAPIC_NMI (acpi_id[0x5f] high edge lint[0x1])
Feb 06 12:44:44 server1.example.com kernel: ACPI: LAPIC_NMI (acpi_id[0x60] high edge lint[0x1])
Feb 06 12:44:44 server1.example.com kernel: ACPI: LAPIC_NMI (acpi_id[0x61] high edge lint[0x1])
Feb 06 12:44:44 server1.example.com kernel: ACPI: LAPIC_NMI (acpi_id[0x62] high edge lint[0x1])
Feb 06 12:44:44 server1.example.com kernel: ACPI: LAPIC_NMI (acpi_id[0x63] high edge lint[0x1])
Feb 06 12:44:44 server1.example.com kernel: ACPI: LAPIC_NMI (acpi_id[0x64] high edge lint[0x1])
Feb 06 12:44:44 server1.example.com kernel: ACPI: LAPIC_NMI (acpi_id[0x65] high edge lint[0x1])
Feb 06 12:44:44 server1.example.com kernel: ACPI: LAPIC_NMI (acpi_id[0x66] high edge lint[0x1])
Feb 06 12:44:44 server1.example.com kernel: ACPI: LAPIC_NMI (acpi_id[0x67] high edge lint[0x1])
Feb 06 12:44:44 server1.example.com kernel: ACPI: LAPIC_NMI (acpi_id[0x68] high edge lint[0x1])
Feb 06 12:44:44 server1.example.com kernel: ACPI: LAPIC_NMI (acpi_id[0x69] high edge lint[0x1])
Feb 06 12:44:44 server1.example.com kernel: ACPI: LAPIC_NMI (acpi_id[0x6a] high edge lint[0x1])
Feb 06 12:44:44 server1.example.com kernel: ACPI: LAPIC_NMI (acpi_id[0x6b] high edge lint[0x1])
Feb 06 12:44:44 server1.example.com kernel: ACPI: LAPIC_NMI (acpi_id[0x6c] high edge lint[0x1])
Feb 06 12:44:44 server1.example.com kernel: ACPI: LAPIC_NMI (acpi_id[0x6d] high edge lint[0x1])
Feb 06 12:44:44 server1.example.com kernel: ACPI: LAPIC_NMI (acpi_id[0x6e] high edge lint[0x1])
Feb 06 12:44:44 server1.example.com kernel: ACPI: LAPIC_NMI (acpi_id[0x6f] high edge lint[0x1])
Feb 06 12:44:44 server1.example.com kernel: ACPI: LAPIC_NMI (acpi_id[0x70] high edge lint[0x1])
Feb 06 12:44:44 server1.example.com kernel: ACPI: LAPIC_NMI (acpi_id[0x71] high edge lint[0x1])
Feb 06 12:44:44 server1.example.com kernel: ACPI: LAPIC_NMI (acpi_id[0x72] high edge lint[0x1])
Feb 06 12:44:44 server1.example.com kernel: ACPI: LAPIC_NMI (acpi_id[0x73] high edge lint[0x1])
Feb 06 12:44:44 server1.example.com kernel: ACPI: LAPIC_NMI (acpi_id[0x74] high edge lint[0x1])
Feb 06 12:44:44 server1.example.com kernel: ACPI: LAPIC_NMI (acpi_id[0x75] high edge lint[0x1])
Feb 06 12:44:44 server1.example.com kernel: ACPI: LAPIC_NMI (acpi_id[0x76] high edge lint[0x1])
Feb 06 12:44:44 server1.example.com kernel: ACPI: LAPIC_NMI (acpi_id[0x77] high edge lint[0x1])
Feb 06 12:44:44 server1.example.com kernel: ACPI: LAPIC_NMI (acpi_id[0x78] high edge lint[0x1])
Feb 06 12:44:44 server1.example.com kernel: ACPI: LAPIC_NMI (acpi_id[0x79] high edge lint[0x1])
Feb 06 12:44:44 server1.example.com kernel: ACPI: LAPIC_NMI (acpi_id[0x7a] high edge lint[0x1])
Feb 06 12:44:44 server1.example.com kernel: ACPI: LAPIC_NMI (acpi_id[0x7b] high edge lint[0x1])
Feb 06 12:44:44 server1.example.com kernel: ACPI: LAPIC_NMI (acpi_id[0x7c] high edge lint[0x1])
Feb 06 12:44:44 server1.example.com kernel: ACPI: LAPIC_NMI (acpi_id[0x7d] high edge lint[0x1])
Feb 06 12:44:44 server1.example.com kernel: ACPI: LAPIC_NMI (acpi_id[0x7e] high edge lint[0x1])
Feb 06 12:44:44 server1.example.com kernel: ACPI: LAPIC_NMI (acpi_id[0x7f] high edge lint[0x1])
Feb 06 12:44:44 server1.example.com kernel: IOAPIC[0]: apic_id 128, version 32, address 0xfec00000, GSI 0-23
Feb 06 12:44:44 server1.example.com kernel: ACPI: INT_SRC_OVR (bus 0 bus_irq 0 global_irq 2 high edge)
Feb 06 12:44:44 server1.example.com kernel: ACPI: IRQ0 used by override.
Feb 06 12:44:44 server1.example.com kernel: ACPI: IRQ9 used by override.
Feb 06 12:44:44 server1.example.com kernel: Using ACPI (MADT) for SMP configuration information
Feb 06 12:44:44 server1.example.com kernel: ACPI: HPET id: 0x8086af01 base: 0xfed00000
Feb 06 12:44:44 server1.example.com kernel: smpboot: Allowing 128 CPUs, 124 hotplug CPUs
Feb 06 12:44:44 server1.example.com kernel: PM: Registered nosave memory: [mem 0x00000000-0x00000fff]
Feb 06 12:44:44 server1.example.com kernel: PM: Registered nosave memory: [mem 0x0009e000-0x0009efff]
Feb 06 12:44:44 server1.example.com kernel: PM: Registered nosave memory: [mem 0x0009f000-0x0009ffff]
Feb 06 12:44:44 server1.example.com kernel: PM: Registered nosave memory: [mem 0x000a0000-0x000dbfff]
Feb 06 12:44:44 server1.example.com kernel: PM: Registered nosave memory: [mem 0x000dc000-0x000fffff]
Feb 06 12:44:44 server1.example.com kernel: PM: Registered nosave memory: [mem 0xbfed0000-0xbfefefff]
Feb 06 12:44:44 server1.example.com kernel: PM: Registered nosave memory: [mem 0xbfeff000-0xbfefffff]
Feb 06 12:44:44 server1.example.com kernel: PM: Registered nosave memory: [mem 0xc0000000-0xefffffff]
Feb 06 12:44:44 server1.example.com kernel: PM: Registered nosave memory: [mem 0xf0000000-0xf7ffffff]
Feb 06 12:44:44 server1.example.com kernel: PM: Registered nosave memory: [mem 0xf8000000-0xfebfffff]
Feb 06 12:44:44 server1.example.com kernel: PM: Registered nosave memory: [mem 0xfec00000-0xfec0ffff]
Feb 06 12:44:44 server1.example.com kernel: PM: Registered nosave memory: [mem 0xfec10000-0xfedfffff]
Feb 06 12:44:44 server1.example.com kernel: PM: Registered nosave memory: [mem 0xfee00000-0xfee00fff]
Feb 06 12:44:44 server1.example.com kernel: PM: Registered nosave memory: [mem 0xfee01000-0xfffdffff]
Feb 06 12:44:44 server1.example.com kernel: PM: Registered nosave memory: [mem 0xfffe0000-0xffffffff]
Feb 06 12:44:44 server1.example.com kernel: [mem 0xc0000000-0xefffffff] available for PCI devices
Feb 06 12:44:44 server1.example.com kernel: Booting paravirtualized kernel on VMware hypervisor
Feb 06 12:44:44 server1.example.com kernel: clocksource: refined-jiffies: mask: 0xffffffff max_cycles: 0xffffffff, max_idle_ns: 1910969940391419 ns
Feb 06 12:44:44 server1.example.com kernel: setup_percpu: NR_CPUS:8192 nr_cpumask_bits:128 nr_cpu_ids:128 nr_node_ids:1
Feb 06 12:44:44 server1.example.com kernel: percpu: Embedded 54 pages/cpu s184320 r8192 d28672 u262144
Feb 06 12:44:44 server1.example.com kernel: pcpu-alloc: s184320 r8192 d28672 u262144 alloc=1*2097152
Feb 06 12:44:44 server1.example.com kernel: pcpu-alloc: [0] 000 001 002 003 004 005 006 007 
Feb 06 12:44:44 server1.example.com kernel: pcpu-alloc: [0] 008 009 010 011 012 013 014 015 
Feb 06 12:44:44 server1.example.com kernel: pcpu-alloc: [0] 016 017 018 019 020 021 022 023 
Feb 06 12:44:44 server1.example.com kernel: pcpu-alloc: [0] 024 025 026 027 028 029 030 031 
Feb 06 12:44:44 server1.example.com kernel: pcpu-alloc: [0] 032 033 034 035 036 037 038 039 
Feb 06 12:44:44 server1.example.com kernel: pcpu-alloc: [0] 040 041 042 043 044 045 046 047 
Feb 06 12:44:44 server1.example.com kernel: pcpu-alloc: [0] 048 049 050 051 052 053 054 055 
Feb 06 12:44:44 server1.example.com kernel: pcpu-alloc: [0] 056 057 058 059 060 061 062 063 
Feb 06 12:44:44 server1.example.com kernel: pcpu-alloc: [0] 064 065 066 067 068 069 070 071 
Feb 06 12:44:44 server1.example.com kernel: pcpu-alloc: [0] 072 073 074 075 076 077 078 079 
Feb 06 12:44:44 server1.example.com kernel: pcpu-alloc: [0] 080 081 082 083 084 085 086 087 
Feb 06 12:44:44 server1.example.com kernel: pcpu-alloc: [0] 088 089 090 091 092 093 094 095 
Feb 06 12:44:44 server1.example.com kernel: pcpu-alloc: [0] 096 097 098 099 100 101 102 103 
Feb 06 12:44:44 server1.example.com kernel: pcpu-alloc: [0] 104 105 106 107 108 109 110 111 
Feb 06 12:44:44 server1.example.com kernel: pcpu-alloc: [0] 112 113 114 115 116 117 118 119 
Feb 06 12:44:44 server1.example.com kernel: pcpu-alloc: [0] 120 121 122 123 124 125 126 127 
Feb 06 12:44:44 server1.example.com kernel: Built 1 zonelists, mobility grouping on.  Total pages: 1032024
Feb 06 12:44:44 server1.example.com kernel: Policy zone: Normal
Feb 06 12:44:44 server1.example.com kernel: Kernel command line: BOOT_IMAGE=(hd0,msdos1)/vmlinuz-4.18.0-305.3.1.el8.x86_64 root=/dev/mapper/cl-root ro resume=/dev/mapper/cl-swap rd.lvm.lv=cl/root rd.lvm.lv=cl/swap rhgb quiet
Feb 06 12:44:44 server1.example.com kernel: Specific versions of hardware are certified with Red Hat Enterprise Linux 8. Please see the list of hardware certified with Red Hat Enterprise Linux 8 at https://catalog.redhat.com.
Feb 06 12:44:44 server1.example.com kernel: Memory: 3111820K/4193716K available (12293K kernel code, 2225K rwdata, 7708K rodata, 2480K init, 14048K bss, 258264K reserved, 0K cma-reserved)
Feb 06 12:44:44 server1.example.com kernel: SLUB: HWalign=64, Order=0-3, MinObjects=0, CPUs=128, Nodes=1
Feb 06 12:44:44 server1.example.com kernel: ftrace: allocating 38570 entries in 151 pages
Feb 06 12:44:44 server1.example.com kernel: ftrace: allocated 151 pages with 5 groups
Feb 06 12:44:44 server1.example.com kernel: rcu: Hierarchical RCU implementation.
Feb 06 12:44:44 server1.example.com kernel: rcu:         RCU restricting CPUs from NR_CPUS=8192 to nr_cpu_ids=128.
Feb 06 12:44:44 server1.example.com kernel: rcu: RCU calculated value of scheduler-enlistment delay is 100 jiffies.
Feb 06 12:44:44 server1.example.com kernel: rcu: Adjusting geometry for rcu_fanout_leaf=16, nr_cpu_ids=128
Feb 06 12:44:44 server1.example.com kernel: NR_IRQS: 524544, nr_irqs: 1448, preallocated irqs: 16
Feb 06 12:44:44 server1.example.com kernel: random: crng done (trusting CPU's manufacturer)
Feb 06 12:44:44 server1.example.com kernel: Console: colour VGA+ 80x25
Feb 06 12:44:44 server1.example.com kernel: printk: console [tty0] enabled
Feb 06 12:44:44 server1.example.com kernel: ACPI: Core revision 20200925
Feb 06 12:44:44 server1.example.com kernel: clocksource: hpet: mask: 0xffffffff max_cycles: 0xffffffff, max_idle_ns: 133484882848 ns
Feb 06 12:44:44 server1.example.com kernel: hpet clockevent registered
Feb 06 12:44:44 server1.example.com kernel: APIC: Switch to symmetric I/O mode setup
Feb 06 12:44:44 server1.example.com kernel: x2apic enabled
Feb 06 12:44:44 server1.example.com kernel: Switched APIC routing to physical x2apic.
Feb 06 12:44:44 server1.example.com kernel: ..TIMER: vector=0x30 apic1=0 pin1=2 apic2=-1 pin2=-1
Feb 06 12:44:44 server1.example.com kernel: clocksource: tsc-early: mask: 0xffffffffffffffff max_cycles: 0x1596484d3e3, max_idle_ns: 440795208498 ns
Feb 06 12:44:44 server1.example.com kernel: Calibrating delay loop (skipped) preset value.. 2995.20 BogoMIPS (lpj=1497601)
Feb 06 12:44:44 server1.example.com kernel: pid_max: default: 131072 minimum: 1024
Feb 06 12:44:44 server1.example.com kernel: Security Framework initialized
Feb 06 12:44:44 server1.example.com kernel: Yama: becoming mindful.
Feb 06 12:44:44 server1.example.com kernel: SELinux:  Initializing.
Feb 06 12:44:44 server1.example.com kernel: Dentry cache hash table entries: 524288 (order: 10, 4194304 bytes)
Feb 06 12:44:44 server1.example.com kernel: Inode-cache hash table entries: 262144 (order: 9, 2097152 bytes)
Feb 06 12:44:44 server1.example.com kernel: Mount-cache hash table entries: 8192 (order: 4, 65536 bytes)
Feb 06 12:44:44 server1.example.com kernel: Mountpoint-cache hash table entries: 8192 (order: 4, 65536 bytes)
Feb 06 12:44:44 server1.example.com kernel: Disabled fast string operations
Feb 06 12:44:44 server1.example.com kernel: Last level iTLB entries: 4KB 0, 2MB 0, 4MB 0
Feb 06 12:44:44 server1.example.com kernel: Last level dTLB entries: 4KB 0, 2MB 0, 4MB 0, 1GB 0
Feb 06 12:44:44 server1.example.com kernel: FEATURE SPEC_CTRL Present
Feb 06 12:44:44 server1.example.com kernel: FEATURE IBPB_SUPPORT Present
Feb 06 12:44:44 server1.example.com kernel: Spectre V1 : Mitigation: usercopy/swapgs barriers and __user pointer sanitization
Feb 06 12:44:44 server1.example.com kernel: Spectre V2 : Mitigation: Enhanced IBRS
Feb 06 12:44:44 server1.example.com kernel: Spectre V2 : Spectre v2 / SpectreRSB mitigation: Filling RSB on context switch
Feb 06 12:44:44 server1.example.com kernel: Spectre V2 : mitigation: Enabling conditional Indirect Branch Prediction Barrier
Feb 06 12:44:44 server1.example.com kernel: Speculative Store Bypass: Mitigation: Speculative Store Bypass disabled via prctl and seccomp
Feb 06 12:44:44 server1.example.com kernel: Freeing SMP alternatives memory: 32K
Feb 06 12:44:44 server1.example.com kernel: TSC deadline timer enabled
Feb 06 12:44:44 server1.example.com kernel: smpboot: CPU0: Intel(R) Core(TM) i5-1035G7 CPU @ 1.20GHz (family: 0x6, model: 0x7e, stepping: 0x5)
Feb 06 12:44:44 server1.example.com kernel: Performance Events: Icelake events, core PMU driver.
Feb 06 12:44:44 server1.example.com kernel: core: CPUID marked event: 'cpu cycles' unavailable
Feb 06 12:44:44 server1.example.com kernel: core: CPUID marked event: 'instructions' unavailable
Feb 06 12:44:44 server1.example.com kernel: core: CPUID marked event: 'bus cycles' unavailable
Feb 06 12:44:44 server1.example.com kernel: core: CPUID marked event: 'cache references' unavailable
Feb 06 12:44:44 server1.example.com kernel: core: CPUID marked event: 'cache misses' unavailable
Feb 06 12:44:44 server1.example.com kernel: core: CPUID marked event: 'branch instructions' unavailable
Feb 06 12:44:44 server1.example.com kernel: core: CPUID marked event: 'branch misses' unavailable
Feb 06 12:44:44 server1.example.com kernel: ... version:                1
Feb 06 12:44:44 server1.example.com kernel: ... bit width:              48
Feb 06 12:44:44 server1.example.com kernel: ... generic registers:      8
Feb 06 12:44:44 server1.example.com kernel: ... value mask:             0000ffffffffffff
Feb 06 12:44:44 server1.example.com kernel: ... max period:             000000007fffffff
Feb 06 12:44:44 server1.example.com kernel: ... fixed-purpose events:   0
Feb 06 12:44:44 server1.example.com kernel: ... event mask:             00000000000000ff
Feb 06 12:44:44 server1.example.com kernel: rcu: Hierarchical SRCU implementation.
Feb 06 12:44:44 server1.example.com kernel: NMI watchdog: Perf NMI watchdog permanently disabled
Feb 06 12:44:44 server1.example.com kernel: smp: Bringing up secondary CPUs ...
Feb 06 12:44:44 server1.example.com kernel: x86: Booting SMP configuration:
Feb 06 12:44:44 server1.example.com kernel: .... node  #0, CPUs:          #1
Feb 06 12:44:44 server1.example.com kernel: Disabled fast string operations
Feb 06 12:44:44 server1.example.com kernel:    #2
Feb 06 12:44:44 server1.example.com kernel: Disabled fast string operations
Feb 06 12:44:44 server1.example.com kernel:    #3
Feb 06 12:44:44 server1.example.com kernel: Disabled fast string operations
Feb 06 12:44:44 server1.example.com kernel: smp: Brought up 1 node, 4 CPUs
Feb 06 12:44:44 server1.example.com kernel: smpboot: Max logical packages: 32
Feb 06 12:44:44 server1.example.com kernel: smpboot: Total of 4 processors activated (11980.80 BogoMIPS)
Feb 06 12:44:44 server1.example.com kernel: node 0 deferred pages initialised in 88ms
Feb 06 12:44:44 server1.example.com kernel: devtmpfs: initialized
Feb 06 12:44:44 server1.example.com kernel: x86/mm: Memory block size: 128MB
Feb 06 12:44:44 server1.example.com kernel: PM: Registering ACPI NVS region [mem 0xbfeff000-0xbfefffff] (4096 bytes)
Feb 06 12:44:44 server1.example.com kernel: clocksource: jiffies: mask: 0xffffffff max_cycles: 0xffffffff, max_idle_ns: 1911260446275000 ns
Feb 06 12:44:44 server1.example.com kernel: futex hash table entries: 32768 (order: 9, 2097152 bytes)
Feb 06 12:44:44 server1.example.com kernel: pinctrl core: initialized pinctrl subsystem
Feb 06 12:44:44 server1.example.com kernel: NET: Registered protocol family 16
Feb 06 12:44:44 server1.example.com kernel: DMA: preallocated 512 KiB GFP_KERNEL pool for atomic allocations
Feb 06 12:44:44 server1.example.com kernel: DMA: preallocated 512 KiB GFP_KERNEL|GFP_DMA pool for atomic allocations
Feb 06 12:44:44 server1.example.com kernel: DMA: preallocated 512 KiB GFP_KERNEL|GFP_DMA32 pool for atomic allocations
Feb 06 12:44:44 server1.example.com kernel: audit: initializing netlink subsys (disabled)
Feb 06 12:44:44 server1.example.com kernel: audit: type=2000 audit(1644119076.287:1): state=initialized audit_enabled=0 res=1
Feb 06 12:44:44 server1.example.com kernel: cpuidle: using governor menu
Feb 06 12:44:44 server1.example.com kernel: Simple Boot Flag at 0x36 set to 0x80
Feb 06 12:44:44 server1.example.com kernel: ACPI: bus type PCI registered
Feb 06 12:44:44 server1.example.com kernel: acpiphp: ACPI Hot Plug PCI Controller Driver version: 0.5
Feb 06 12:44:44 server1.example.com kernel: PCI: MMCONFIG for domain 0000 [bus 00-7f] at [mem 0xf0000000-0xf7ffffff] (base 0xf0000000)
Feb 06 12:44:44 server1.example.com kernel: PCI: MMCONFIG at [mem 0xf0000000-0xf7ffffff] reserved in E820
Feb 06 12:44:44 server1.example.com kernel: PCI: Using configuration type 1 for base access
Feb 06 12:44:44 server1.example.com kernel: HugeTLB registered 1.00 GiB page size, pre-allocated 0 pages
Feb 06 12:44:44 server1.example.com kernel: HugeTLB registered 2.00 MiB page size, pre-allocated 0 pages
Feb 06 12:44:44 server1.example.com kernel: cryptd: max_cpu_qlen set to 1000
Feb 06 12:44:44 server1.example.com kernel: ACPI: Added _OSI(Module Device)
Feb 06 12:44:44 server1.example.com kernel: ACPI: Added _OSI(Processor Device)
Feb 06 12:44:44 server1.example.com kernel: ACPI: Added _OSI(3.0 _SCP Extensions)
Feb 06 12:44:44 server1.example.com kernel: ACPI: Added _OSI(Processor Aggregator Device)
Feb 06 12:44:44 server1.example.com kernel: ACPI: Added _OSI(Linux-Dell-Video)
Feb 06 12:44:44 server1.example.com kernel: ACPI: Added _OSI(Linux-Lenovo-NV-HDMI-Audio)
Feb 06 12:44:44 server1.example.com kernel: ACPI: Added _OSI(Linux-HPI-Hybrid-Graphics)
Feb 06 12:44:44 server1.example.com kernel: ACPI: 1 ACPI AML tables successfully acquired and loaded
Feb 06 12:44:44 server1.example.com kernel: ACPI: [Firmware Bug]: BIOS _OSI(Linux) query ignored
Feb 06 12:44:44 server1.example.com kernel: ACPI: Interpreter enabled
Feb 06 12:44:44 server1.example.com kernel: ACPI: (supports S0 S1 S4 S5)
Feb 06 12:44:44 server1.example.com kernel: ACPI: Using IOAPIC for interrupt routing
Feb 06 12:44:44 server1.example.com kernel: PCI: Using host bridge windows from ACPI; if necessary, use "pci=nocrs" and report a bug
Feb 06 12:44:44 server1.example.com kernel: ACPI: Enabled 4 GPEs in block 00 to 0F
Feb 06 12:44:44 server1.example.com kernel: ACPI: PCI Root Bridge [PCI0] (domain 0000 [bus 00-7f])
Feb 06 12:44:44 server1.example.com kernel: acpi PNP0A03:00: _OSC: OS supports [ExtendedConfig ASPM ClockPM Segments MSI EDR HPX-Type3]
Feb 06 12:44:44 server1.example.com kernel: acpi PNP0A03:00: _OSC: platform does not support [AER LTR DPC]
Feb 06 12:44:44 server1.example.com kernel: acpi PNP0A03:00: _OSC: OS now controls [PCIeHotplug SHPCHotplug PME PCIeCapability]
Feb 06 12:44:44 server1.example.com kernel: PCI host bridge to bus 0000:00
Feb 06 12:44:44 server1.example.com kernel: pci_bus 0000:00: root bus resource [mem 0x000a0000-0x000bffff window]
Feb 06 12:44:44 server1.example.com kernel: pci_bus 0000:00: root bus resource [mem 0x000cc000-0x000cffff window]
Feb 06 12:44:44 server1.example.com kernel: pci_bus 0000:00: root bus resource [mem 0x000d0000-0x000d3fff window]
Feb 06 12:44:44 server1.example.com kernel: pci_bus 0000:00: root bus resource [mem 0x000d4000-0x000d7fff window]
Feb 06 12:44:44 server1.example.com kernel: pci_bus 0000:00: root bus resource [mem 0x000d8000-0x000dbfff window]
Feb 06 12:44:44 server1.example.com kernel: pci_bus 0000:00: root bus resource [mem 0xc0000000-0xfebfffff window]
Feb 06 12:44:44 server1.example.com kernel: pci_bus 0000:00: root bus resource [io  0x0000-0x0cf7 window]
Feb 06 12:44:44 server1.example.com kernel: pci_bus 0000:00: root bus resource [io  0x0d00-0xfeff window]
Feb 06 12:44:44 server1.example.com kernel: pci_bus 0000:00: root bus resource [bus 00-7f]
Feb 06 12:44:44 server1.example.com kernel: pci 0000:00:00.0: [8086:7190] type 00 class 0x060000
Feb 06 12:44:44 server1.example.com kernel: pci 0000:00:01.0: [8086:7191] type 01 class 0x060400
Feb 06 12:44:44 server1.example.com kernel: pci 0000:00:07.0: [8086:7110] type 00 class 0x060100
Feb 06 12:44:44 server1.example.com kernel: pci 0000:00:07.1: [8086:7111] type 00 class 0x01018a
Feb 06 12:44:44 server1.example.com kernel: pci 0000:00:07.1: reg 0x20: [io  0x1060-0x106f]
Feb 06 12:44:44 server1.example.com kernel: pci 0000:00:07.1: legacy IDE quirk: reg 0x10: [io  0x01f0-0x01f7]
Feb 06 12:44:44 server1.example.com kernel: pci 0000:00:07.1: legacy IDE quirk: reg 0x14: [io  0x03f6]
Feb 06 12:44:44 server1.example.com kernel: pci 0000:00:07.1: legacy IDE quirk: reg 0x18: [io  0x0170-0x0177]
Feb 06 12:44:44 server1.example.com kernel: pci 0000:00:07.1: legacy IDE quirk: reg 0x1c: [io  0x0376]
Feb 06 12:44:44 server1.example.com kernel: pci 0000:00:07.3: [8086:7113] type 00 class 0x068000
Feb 06 12:44:44 server1.example.com kernel: pci 0000:00:07.3: quirk: [io  0x1000-0x103f] claimed by PIIX4 ACPI
Feb 06 12:44:44 server1.example.com kernel: pci 0000:00:07.3: quirk: [io  0x1040-0x104f] claimed by PIIX4 SMB
Feb 06 12:44:44 server1.example.com kernel: pci 0000:00:07.7: [15ad:0740] type 00 class 0x088000
Feb 06 12:44:44 server1.example.com kernel: pci 0000:00:07.7: reg 0x10: [io  0x1080-0x10bf]
Feb 06 12:44:44 server1.example.com kernel: pci 0000:00:07.7: reg 0x14: [mem 0xfebfe000-0xfebfffff 64bit]
Feb 06 12:44:44 server1.example.com kernel: pci 0000:00:0f.0: [15ad:0405] type 00 class 0x030000
Feb 06 12:44:44 server1.example.com kernel: pci 0000:00:0f.0: reg 0x10: [io  0x1070-0x107f]
Feb 06 12:44:44 server1.example.com kernel: pci 0000:00:0f.0: reg 0x14: [mem 0xe8000000-0xefffffff pref]
Feb 06 12:44:44 server1.example.com kernel: pci 0000:00:0f.0: reg 0x18: [mem 0xfe000000-0xfe7fffff]
Feb 06 12:44:44 server1.example.com kernel: pci 0000:00:0f.0: reg 0x30: [mem 0x00000000-0x00007fff pref]
Feb 06 12:44:44 server1.example.com kernel: pci 0000:00:10.0: [1000:0030] type 00 class 0x010000
Feb 06 12:44:44 server1.example.com kernel: pci 0000:00:10.0: reg 0x10: [io  0x1400-0x14ff]
Feb 06 12:44:44 server1.example.com kernel: pci 0000:00:10.0: reg 0x14: [mem 0xfeba0000-0xfebbffff 64bit]
Feb 06 12:44:44 server1.example.com kernel: pci 0000:00:10.0: reg 0x1c: [mem 0xfebc0000-0xfebdffff 64bit]
Feb 06 12:44:44 server1.example.com kernel: pci 0000:00:10.0: reg 0x30: [mem 0x00000000-0x00003fff pref]
Feb 06 12:44:44 server1.example.com kernel: pci 0000:00:11.0: [15ad:0790] type 01 class 0x060401
Feb 06 12:44:44 server1.example.com kernel: pci 0000:00:15.0: [15ad:07a0] type 01 class 0x060400
Feb 06 12:44:44 server1.example.com kernel: pci 0000:00:15.0: PME# supported from D0 D3hot D3cold
Feb 06 12:44:44 server1.example.com kernel: pci 0000:00:15.1: [15ad:07a0] type 01 class 0x060400
Feb 06 12:44:44 server1.example.com kernel: pci 0000:00:15.1: PME# supported from D0 D3hot D3cold
Feb 06 12:44:44 server1.example.com kernel: pci 0000:00:15.2: [15ad:07a0] type 01 class 0x060400
Feb 06 12:44:44 server1.example.com kernel: pci 0000:00:15.2: PME# supported from D0 D3hot D3cold
Feb 06 12:44:44 server1.example.com kernel: pci 0000:00:15.3: [15ad:07a0] type 01 class 0x060400
Feb 06 12:44:44 server1.example.com kernel: pci 0000:00:15.3: PME# supported from D0 D3hot D3cold
Feb 06 12:44:44 server1.example.com kernel: pci 0000:00:15.4: [15ad:07a0] type 01 class 0x060400
Feb 06 12:44:44 server1.example.com kernel: pci 0000:00:15.4: PME# supported from D0 D3hot D3cold
Feb 06 12:44:44 server1.example.com kernel: pci 0000:00:15.5: [15ad:07a0] type 01 class 0x060400
Feb 06 12:44:44 server1.example.com kernel: pci 0000:00:15.5: PME# supported from D0 D3hot D3cold
Feb 06 12:44:44 server1.example.com kernel: pci 0000:00:15.6: [15ad:07a0] type 01 class 0x060400
Feb 06 12:44:44 server1.example.com kernel: pci 0000:00:15.6: PME# supported from D0 D3hot D3cold
Feb 06 12:44:44 server1.example.com kernel: pci 0000:00:15.7: [15ad:07a0] type 01 class 0x060400
Feb 06 12:44:44 server1.example.com kernel: pci 0000:00:15.7: PME# supported from D0 D3hot D3cold
Feb 06 12:44:44 server1.example.com kernel: pci 0000:00:16.0: [15ad:07a0] type 01 class 0x060400
Feb 06 12:44:44 server1.example.com kernel: pci 0000:00:16.0: PME# supported from D0 D3hot D3cold
Feb 06 12:44:44 server1.example.com kernel: pci 0000:00:16.1: [15ad:07a0] type 01 class 0x060400
Feb 06 12:44:44 server1.example.com kernel: pci 0000:00:16.1: PME# supported from D0 D3hot D3cold
Feb 06 12:44:44 server1.example.com kernel: pci 0000:00:16.2: [15ad:07a0] type 01 class 0x060400
Feb 06 12:44:44 server1.example.com kernel: pci 0000:00:16.2: PME# supported from D0 D3hot D3cold
Feb 06 12:44:44 server1.example.com kernel: pci 0000:00:16.3: [15ad:07a0] type 01 class 0x060400
Feb 06 12:44:44 server1.example.com kernel: pci 0000:00:16.3: PME# supported from D0 D3hot D3cold
Feb 06 12:44:44 server1.example.com kernel: pci 0000:00:16.4: [15ad:07a0] type 01 class 0x060400
Feb 06 12:44:44 server1.example.com kernel: pci 0000:00:16.4: PME# supported from D0 D3hot D3cold
Feb 06 12:44:44 server1.example.com kernel: pci 0000:00:16.5: [15ad:07a0] type 01 class 0x060400
Feb 06 12:44:44 server1.example.com kernel: pci 0000:00:16.5: PME# supported from D0 D3hot D3cold
Feb 06 12:44:44 server1.example.com kernel: pci 0000:00:16.6: [15ad:07a0] type 01 class 0x060400
Feb 06 12:44:44 server1.example.com kernel: pci 0000:00:16.6: PME# supported from D0 D3hot D3cold
Feb 06 12:44:44 server1.example.com kernel: pci 0000:00:16.7: [15ad:07a0] type 01 class 0x060400
Feb 06 12:44:44 server1.example.com kernel: pci 0000:00:16.7: PME# supported from D0 D3hot D3cold
Feb 06 12:44:44 server1.example.com kernel: pci 0000:00:17.0: [15ad:07a0] type 01 class 0x060400
Feb 06 12:44:44 server1.example.com kernel: pci 0000:00:17.0: PME# supported from D0 D3hot D3cold
Feb 06 12:44:44 server1.example.com kernel: pci 0000:00:17.1: [15ad:07a0] type 01 class 0x060400
Feb 06 12:44:44 server1.example.com kernel: pci 0000:00:17.1: PME# supported from D0 D3hot D3cold
Feb 06 12:44:44 server1.example.com kernel: pci 0000:00:17.2: [15ad:07a0] type 01 class 0x060400
Feb 06 12:44:44 server1.example.com kernel: pci 0000:00:17.2: PME# supported from D0 D3hot D3cold
Feb 06 12:44:44 server1.example.com kernel: pci 0000:00:17.3: [15ad:07a0] type 01 class 0x060400
Feb 06 12:44:44 server1.example.com kernel: pci 0000:00:17.3: PME# supported from D0 D3hot D3cold
Feb 06 12:44:44 server1.example.com kernel: pci 0000:00:17.4: [15ad:07a0] type 01 class 0x060400
Feb 06 12:44:44 server1.example.com kernel: pci 0000:00:17.4: PME# supported from D0 D3hot D3cold
Feb 06 12:44:44 server1.example.com kernel: pci 0000:00:17.5: [15ad:07a0] type 01 class 0x060400
Feb 06 12:44:44 server1.example.com kernel: pci 0000:00:17.5: PME# supported from D0 D3hot D3cold
Feb 06 12:44:44 server1.example.com kernel: pci 0000:00:17.6: [15ad:07a0] type 01 class 0x060400
Feb 06 12:44:44 server1.example.com kernel: pci 0000:00:17.6: PME# supported from D0 D3hot D3cold
Feb 06 12:44:44 server1.example.com kernel: pci 0000:00:17.7: [15ad:07a0] type 01 class 0x060400
Feb 06 12:44:44 server1.example.com kernel: pci 0000:00:17.7: PME# supported from D0 D3hot D3cold
Feb 06 12:44:44 server1.example.com kernel: pci 0000:00:18.0: [15ad:07a0] type 01 class 0x060400
Feb 06 12:44:44 server1.example.com kernel: pci 0000:00:18.0: PME# supported from D0 D3hot D3cold
Feb 06 12:44:44 server1.example.com kernel: pci 0000:00:18.1: [15ad:07a0] type 01 class 0x060400
Feb 06 12:44:44 server1.example.com kernel: pci 0000:00:18.1: PME# supported from D0 D3hot D3cold
Feb 06 12:44:44 server1.example.com kernel: pci 0000:00:18.2: [15ad:07a0] type 01 class 0x060400
Feb 06 12:44:44 server1.example.com kernel: pci 0000:00:18.2: PME# supported from D0 D3hot D3cold
Feb 06 12:44:44 server1.example.com kernel: pci 0000:00:18.3: [15ad:07a0] type 01 class 0x060400
Feb 06 12:44:44 server1.example.com kernel: pci 0000:00:18.3: PME# supported from D0 D3hot D3cold
Feb 06 12:44:44 server1.example.com kernel: pci 0000:00:18.4: [15ad:07a0] type 01 class 0x060400
Feb 06 12:44:44 server1.example.com kernel: pci 0000:00:18.4: PME# supported from D0 D3hot D3cold
Feb 06 12:44:44 server1.example.com kernel: pci 0000:00:18.5: [15ad:07a0] type 01 class 0x060400
Feb 06 12:44:44 server1.example.com kernel: pci 0000:00:18.5: PME# supported from D0 D3hot D3cold
Feb 06 12:44:44 server1.example.com kernel: pci 0000:00:18.6: [15ad:07a0] type 01 class 0x060400
Feb 06 12:44:44 server1.example.com kernel: pci 0000:00:18.6: PME# supported from D0 D3hot D3cold
Feb 06 12:44:44 server1.example.com kernel: pci 0000:00:18.7: [15ad:07a0] type 01 class 0x060400
Feb 06 12:44:44 server1.example.com kernel: pci 0000:00:18.7: PME# supported from D0 D3hot D3cold
Feb 06 12:44:44 server1.example.com kernel: pci_bus 0000:01: extended config space not accessible
Feb 06 12:44:44 server1.example.com kernel: pci 0000:00:01.0: PCI bridge to [bus 01]
Feb 06 12:44:44 server1.example.com kernel: pci_bus 0000:02: extended config space not accessible
Feb 06 12:44:44 server1.example.com kernel: acpiphp: Slot [32] registered
Feb 06 12:44:44 server1.example.com kernel: acpiphp: Slot [33] registered
Feb 06 12:44:44 server1.example.com kernel: acpiphp: Slot [34] registered
Feb 06 12:44:44 server1.example.com kernel: acpiphp: Slot [35] registered
Feb 06 12:44:44 server1.example.com kernel: acpiphp: Slot [36] registered
Feb 06 12:44:44 server1.example.com kernel: acpiphp: Slot [37] registered
Feb 06 12:44:44 server1.example.com kernel: acpiphp: Slot [38] registered
Feb 06 12:44:44 server1.example.com kernel: acpiphp: Slot [39] registered
Feb 06 12:44:44 server1.example.com kernel: acpiphp: Slot [40] registered
Feb 06 12:44:44 server1.example.com kernel: acpiphp: Slot [41] registered
Feb 06 12:44:44 server1.example.com kernel: acpiphp: Slot [42] registered
Feb 06 12:44:44 server1.example.com kernel: acpiphp: Slot [43] registered
Feb 06 12:44:44 server1.example.com kernel: acpiphp: Slot [44] registered
Feb 06 12:44:44 server1.example.com kernel: acpiphp: Slot [45] registered
Feb 06 12:44:44 server1.example.com kernel: acpiphp: Slot [46] registered
Feb 06 12:44:44 server1.example.com kernel: acpiphp: Slot [47] registered
Feb 06 12:44:44 server1.example.com kernel: acpiphp: Slot [48] registered
Feb 06 12:44:44 server1.example.com kernel: acpiphp: Slot [49] registered
Feb 06 12:44:44 server1.example.com kernel: acpiphp: Slot [50] registered
Feb 06 12:44:44 server1.example.com kernel: acpiphp: Slot [51] registered
Feb 06 12:44:44 server1.example.com kernel: acpiphp: Slot [52] registered
Feb 06 12:44:44 server1.example.com kernel: acpiphp: Slot [53] registered
Feb 06 12:44:44 server1.example.com kernel: acpiphp: Slot [54] registered
Feb 06 12:44:44 server1.example.com kernel: acpiphp: Slot [55] registered
Feb 06 12:44:44 server1.example.com kernel: acpiphp: Slot [56] registered
Feb 06 12:44:44 server1.example.com kernel: acpiphp: Slot [57] registered
Feb 06 12:44:44 server1.example.com kernel: acpiphp: Slot [58] registered
Feb 06 12:44:44 server1.example.com kernel: acpiphp: Slot [59] registered
Feb 06 12:44:44 server1.example.com kernel: acpiphp: Slot [60] registered
Feb 06 12:44:44 server1.example.com kernel: acpiphp: Slot [61] registered
Feb 06 12:44:44 server1.example.com kernel: acpiphp: Slot [62] registered
Feb 06 12:44:44 server1.example.com kernel: acpiphp: Slot [63] registered
Feb 06 12:44:44 server1.example.com kernel: pci 0000:02:00.0: [15ad:0774] type 00 class 0x0c0300
Feb 06 12:44:44 server1.example.com kernel: pci 0000:02:00.0: reg 0x20: [io  0x2080-0x209f]
Feb 06 12:44:44 server1.example.com kernel: pci 0000:02:01.0: [8086:100f] type 00 class 0x020000
Feb 06 12:44:44 server1.example.com kernel: pci 0000:02:01.0: reg 0x10: [mem 0xfd5c0000-0xfd5dffff 64bit]
Feb 06 12:44:44 server1.example.com kernel: pci 0000:02:01.0: reg 0x18: [mem 0xfdff0000-0xfdffffff 64bit]
Feb 06 12:44:44 server1.example.com kernel: pci 0000:02:01.0: reg 0x20: [io  0x2000-0x203f]
Feb 06 12:44:44 server1.example.com kernel: pci 0000:02:01.0: reg 0x30: [mem 0x00000000-0x0000ffff pref]
Feb 06 12:44:44 server1.example.com kernel: pci 0000:02:01.0: PME# supported from D0 D3hot D3cold
Feb 06 12:44:44 server1.example.com kernel: pci 0000:02:02.0: [1274:1371] type 00 class 0x040100
Feb 06 12:44:44 server1.example.com kernel: pci 0000:02:02.0: reg 0x10: [io  0x2040-0x207f]
Feb 06 12:44:44 server1.example.com kernel: pci 0000:02:03.0: [15ad:0770] type 00 class 0x0c0320
Feb 06 12:44:44 server1.example.com kernel: pci 0000:02:03.0: reg 0x10: [mem 0xfd5ef000-0xfd5effff]
Feb 06 12:44:44 server1.example.com kernel: pci 0000:00:11.0: PCI bridge to [bus 02] (subtractive decode)
Feb 06 12:44:44 server1.example.com kernel: pci 0000:00:11.0:   bridge window [io  0x2000-0x3fff]
Feb 06 12:44:44 server1.example.com kernel: pci 0000:00:11.0:   bridge window [mem 0xfd500000-0xfdffffff]
Feb 06 12:44:44 server1.example.com kernel: pci 0000:00:11.0:   bridge window [mem 0xe7b00000-0xe7ffffff 64bit pref]
Feb 06 12:44:44 server1.example.com kernel: pci 0000:00:11.0:   bridge window [mem 0x000a0000-0x000bffff window] (subtractive decode)
Feb 06 12:44:44 server1.example.com kernel: pci 0000:00:11.0:   bridge window [mem 0x000cc000-0x000cffff window] (subtractive decode)
Feb 06 12:44:44 server1.example.com kernel: pci 0000:00:11.0:   bridge window [mem 0x000d0000-0x000d3fff window] (subtractive decode)
Feb 06 12:44:44 server1.example.com kernel: pci 0000:00:11.0:   bridge window [mem 0x000d4000-0x000d7fff window] (subtractive decode)
Feb 06 12:44:44 server1.example.com kernel: pci 0000:00:11.0:   bridge window [mem 0x000d8000-0x000dbfff window] (subtractive decode)
Feb 06 12:44:44 server1.example.com kernel: pci 0000:00:11.0:   bridge window [mem 0xc0000000-0xfebfffff window] (subtractive decode)
Feb 06 12:44:44 server1.example.com kernel: pci 0000:00:11.0:   bridge window [io  0x0000-0x0cf7 window] (subtractive decode)
Feb 06 12:44:44 server1.example.com kernel: pci 0000:00:11.0:   bridge window [io  0x0d00-0xfeff window] (subtractive decode)
Feb 06 12:44:44 server1.example.com kernel: pci 0000:00:15.0: PCI bridge to [bus 03]
Feb 06 12:44:44 server1.example.com kernel: pci 0000:00:15.0:   bridge window [io  0x4000-0x4fff]
Feb 06 12:44:44 server1.example.com kernel: pci 0000:00:15.0:   bridge window [mem 0xfd400000-0xfd4fffff]
Feb 06 12:44:44 server1.example.com kernel: pci 0000:00:15.0:   bridge window [mem 0xe7a00000-0xe7afffff 64bit pref]
Feb 06 12:44:44 server1.example.com kernel: pci 0000:00:15.1: PCI bridge to [bus 04]
Feb 06 12:44:44 server1.example.com kernel: pci 0000:00:15.1:   bridge window [io  0x8000-0x8fff]
Feb 06 12:44:44 server1.example.com kernel: pci 0000:00:15.1:   bridge window [mem 0xfd000000-0xfd0fffff]
Feb 06 12:44:44 server1.example.com kernel: pci 0000:00:15.1:   bridge window [mem 0xe7600000-0xe76fffff 64bit pref]
Feb 06 12:44:44 server1.example.com kernel: pci 0000:00:15.2: PCI bridge to [bus 05]
Feb 06 12:44:44 server1.example.com kernel: pci 0000:00:15.2:   bridge window [io  0xc000-0xcfff]
Feb 06 12:44:44 server1.example.com kernel: pci 0000:00:15.2:   bridge window [mem 0xfcc00000-0xfccfffff]
Feb 06 12:44:44 server1.example.com kernel: pci 0000:00:15.2:   bridge window [mem 0xe7200000-0xe72fffff 64bit pref]
Feb 06 12:44:44 server1.example.com kernel: pci 0000:00:15.3: PCI bridge to [bus 06]
Feb 06 12:44:44 server1.example.com kernel: pci 0000:00:15.3:   bridge window [mem 0xfc800000-0xfc8fffff]
Feb 06 12:44:44 server1.example.com kernel: pci 0000:00:15.3:   bridge window [mem 0xe6e00000-0xe6efffff 64bit pref]
Feb 06 12:44:44 server1.example.com kernel: pci 0000:00:15.4: PCI bridge to [bus 07]
Feb 06 12:44:44 server1.example.com kernel: pci 0000:00:15.4:   bridge window [mem 0xfc400000-0xfc4fffff]
Feb 06 12:44:44 server1.example.com kernel: pci 0000:00:15.4:   bridge window [mem 0xe6a00000-0xe6afffff 64bit pref]
Feb 06 12:44:44 server1.example.com kernel: pci 0000:00:15.5: PCI bridge to [bus 08]
Feb 06 12:44:44 server1.example.com kernel: pci 0000:00:15.5:   bridge window [mem 0xfc000000-0xfc0fffff]
Feb 06 12:44:44 server1.example.com kernel: pci 0000:00:15.5:   bridge window [mem 0xe6600000-0xe66fffff 64bit pref]
Feb 06 12:44:44 server1.example.com kernel: pci 0000:00:15.6: PCI bridge to [bus 09]
Feb 06 12:44:44 server1.example.com kernel: pci 0000:00:15.6:   bridge window [mem 0xfbc00000-0xfbcfffff]
Feb 06 12:44:44 server1.example.com kernel: pci 0000:00:15.6:   bridge window [mem 0xe6200000-0xe62fffff 64bit pref]
Feb 06 12:44:44 server1.example.com kernel: pci 0000:00:15.7: PCI bridge to [bus 0a]
Feb 06 12:44:44 server1.example.com kernel: pci 0000:00:15.7:   bridge window [mem 0xfb800000-0xfb8fffff]
Feb 06 12:44:44 server1.example.com kernel: pci 0000:00:15.7:   bridge window [mem 0xe5e00000-0xe5efffff 64bit pref]
Feb 06 12:44:44 server1.example.com kernel: pci 0000:00:16.0: PCI bridge to [bus 0b]
Feb 06 12:44:44 server1.example.com kernel: pci 0000:00:16.0:   bridge window [io  0x5000-0x5fff]
Feb 06 12:44:44 server1.example.com kernel: pci 0000:00:16.0:   bridge window [mem 0xfd300000-0xfd3fffff]
Feb 06 12:44:44 server1.example.com kernel: pci 0000:00:16.0:   bridge window [mem 0xe7900000-0xe79fffff 64bit pref]
Feb 06 12:44:44 server1.example.com kernel: pci 0000:00:16.1: PCI bridge to [bus 0c]
Feb 06 12:44:44 server1.example.com kernel: pci 0000:00:16.1:   bridge window [io  0x9000-0x9fff]
Feb 06 12:44:44 server1.example.com kernel: pci 0000:00:16.1:   bridge window [mem 0xfcf00000-0xfcffffff]
Feb 06 12:44:44 server1.example.com kernel: pci 0000:00:16.1:   bridge window [mem 0xe7500000-0xe75fffff 64bit pref]
Feb 06 12:44:44 server1.example.com kernel: pci 0000:00:16.2: PCI bridge to [bus 0d]
Feb 06 12:44:44 server1.example.com kernel: pci 0000:00:16.2:   bridge window [io  0xd000-0xdfff]
Feb 06 12:44:44 server1.example.com kernel: pci 0000:00:16.2:   bridge window [mem 0xfcb00000-0xfcbfffff]
Feb 06 12:44:44 server1.example.com kernel: pci 0000:00:16.2:   bridge window [mem 0xe7100000-0xe71fffff 64bit pref]
Feb 06 12:44:44 server1.example.com kernel: pci 0000:00:16.3: PCI bridge to [bus 0e]
Feb 06 12:44:44 server1.example.com kernel: pci 0000:00:16.3:   bridge window [mem 0xfc700000-0xfc7fffff]
Feb 06 12:44:44 server1.example.com kernel: pci 0000:00:16.3:   bridge window [mem 0xe6d00000-0xe6dfffff 64bit pref]
Feb 06 12:44:44 server1.example.com kernel: pci 0000:00:16.4: PCI bridge to [bus 0f]
Feb 06 12:44:44 server1.example.com kernel: pci 0000:00:16.4:   bridge window [mem 0xfc300000-0xfc3fffff]
Feb 06 12:44:44 server1.example.com kernel: pci 0000:00:16.4:   bridge window [mem 0xe6900000-0xe69fffff 64bit pref]
Feb 06 12:44:44 server1.example.com kernel: pci 0000:00:16.5: PCI bridge to [bus 10]
Feb 06 12:44:44 server1.example.com kernel: pci 0000:00:16.5:   bridge window [mem 0xfbf00000-0xfbffffff]
Feb 06 12:44:44 server1.example.com kernel: pci 0000:00:16.5:   bridge window [mem 0xe6500000-0xe65fffff 64bit pref]
Feb 06 12:44:44 server1.example.com kernel: pci 0000:00:16.6: PCI bridge to [bus 11]
Feb 06 12:44:44 server1.example.com kernel: pci 0000:00:16.6:   bridge window [mem 0xfbb00000-0xfbbfffff]
Feb 06 12:44:44 server1.example.com kernel: pci 0000:00:16.6:   bridge window [mem 0xe6100000-0xe61fffff 64bit pref]
Feb 06 12:44:44 server1.example.com kernel: pci 0000:00:16.7: PCI bridge to [bus 12]
Feb 06 12:44:44 server1.example.com kernel: pci 0000:00:16.7:   bridge window [mem 0xfb700000-0xfb7fffff]
Feb 06 12:44:44 server1.example.com kernel: pci 0000:00:16.7:   bridge window [mem 0xe5d00000-0xe5dfffff 64bit pref]
Feb 06 12:44:44 server1.example.com kernel: pci 0000:00:17.0: PCI bridge to [bus 13]
Feb 06 12:44:44 server1.example.com kernel: pci 0000:00:17.0:   bridge window [io  0x6000-0x6fff]
Feb 06 12:44:44 server1.example.com kernel: pci 0000:00:17.0:   bridge window [mem 0xfd200000-0xfd2fffff]
Feb 06 12:44:44 server1.example.com kernel: pci 0000:00:17.0:   bridge window [mem 0xe7800000-0xe78fffff 64bit pref]
Feb 06 12:44:44 server1.example.com kernel: pci 0000:00:17.1: PCI bridge to [bus 14]
Feb 06 12:44:44 server1.example.com kernel: pci 0000:00:17.1:   bridge window [io  0xa000-0xafff]
Feb 06 12:44:44 server1.example.com kernel: pci 0000:00:17.1:   bridge window [mem 0xfce00000-0xfcefffff]
Feb 06 12:44:44 server1.example.com kernel: pci 0000:00:17.1:   bridge window [mem 0xe7400000-0xe74fffff 64bit pref]
Feb 06 12:44:44 server1.example.com kernel: pci 0000:00:17.2: PCI bridge to [bus 15]
Feb 06 12:44:44 server1.example.com kernel: pci 0000:00:17.2:   bridge window [io  0xe000-0xefff]
Feb 06 12:44:44 server1.example.com kernel: pci 0000:00:17.2:   bridge window [mem 0xfca00000-0xfcafffff]
Feb 06 12:44:44 server1.example.com kernel: pci 0000:00:17.2:   bridge window [mem 0xe7000000-0xe70fffff 64bit pref]
Feb 06 12:44:44 server1.example.com kernel: pci 0000:00:17.3: PCI bridge to [bus 16]
Feb 06 12:44:44 server1.example.com kernel: pci 0000:00:17.3:   bridge window [mem 0xfc600000-0xfc6fffff]
Feb 06 12:44:44 server1.example.com kernel: pci 0000:00:17.3:   bridge window [mem 0xe6c00000-0xe6cfffff 64bit pref]
Feb 06 12:44:44 server1.example.com kernel: pci 0000:00:17.4: PCI bridge to [bus 17]
Feb 06 12:44:44 server1.example.com kernel: pci 0000:00:17.4:   bridge window [mem 0xfc200000-0xfc2fffff]
Feb 06 12:44:44 server1.example.com kernel: pci 0000:00:17.4:   bridge window [mem 0xe6800000-0xe68fffff 64bit pref]
Feb 06 12:44:44 server1.example.com kernel: pci 0000:00:17.5: PCI bridge to [bus 18]
Feb 06 12:44:44 server1.example.com kernel: pci 0000:00:17.5:   bridge window [mem 0xfbe00000-0xfbefffff]
Feb 06 12:44:44 server1.example.com kernel: pci 0000:00:17.5:   bridge window [mem 0xe6400000-0xe64fffff 64bit pref]
Feb 06 12:44:44 server1.example.com kernel: pci 0000:00:17.6: PCI bridge to [bus 19]
Feb 06 12:44:44 server1.example.com kernel: pci 0000:00:17.6:   bridge window [mem 0xfba00000-0xfbafffff]
Feb 06 12:44:44 server1.example.com kernel: pci 0000:00:17.6:   bridge window [mem 0xe6000000-0xe60fffff 64bit pref]
Feb 06 12:44:44 server1.example.com kernel: pci 0000:00:17.7: PCI bridge to [bus 1a]
Feb 06 12:44:44 server1.example.com kernel: pci 0000:00:17.7:   bridge window [mem 0xfb600000-0xfb6fffff]
Feb 06 12:44:44 server1.example.com kernel: pci 0000:00:17.7:   bridge window [mem 0xe5c00000-0xe5cfffff 64bit pref]
Feb 06 12:44:44 server1.example.com kernel: pci 0000:00:18.0: PCI bridge to [bus 1b]
Feb 06 12:44:44 server1.example.com kernel: pci 0000:00:18.0:   bridge window [io  0x7000-0x7fff]
Feb 06 12:44:44 server1.example.com kernel: pci 0000:00:18.0:   bridge window [mem 0xfd100000-0xfd1fffff]
Feb 06 12:44:44 server1.example.com kernel: pci 0000:00:18.0:   bridge window [mem 0xe7700000-0xe77fffff 64bit pref]
Feb 06 12:44:44 server1.example.com kernel: pci 0000:00:18.1: PCI bridge to [bus 1c]
Feb 06 12:44:44 server1.example.com kernel: pci 0000:00:18.1:   bridge window [io  0xb000-0xbfff]
Feb 06 12:44:44 server1.example.com kernel: pci 0000:00:18.1:   bridge window [mem 0xfcd00000-0xfcdfffff]
Feb 06 12:44:44 server1.example.com kernel: pci 0000:00:18.1:   bridge window [mem 0xe7300000-0xe73fffff 64bit pref]
Feb 06 12:44:44 server1.example.com kernel: pci 0000:00:18.2: PCI bridge to [bus 1d]
Feb 06 12:44:44 server1.example.com kernel: pci 0000:00:18.2:   bridge window [mem 0xfc900000-0xfc9fffff]
Feb 06 12:44:44 server1.example.com kernel: pci 0000:00:18.2:   bridge window [mem 0xe6f00000-0xe6ffffff 64bit pref]
Feb 06 12:44:44 server1.example.com kernel: pci 0000:00:18.3: PCI bridge to [bus 1e]
Feb 06 12:44:44 server1.example.com kernel: pci 0000:00:18.3:   bridge window [mem 0xfc500000-0xfc5fffff]
Feb 06 12:44:44 server1.example.com kernel: pci 0000:00:18.3:   bridge window [mem 0xe6b00000-0xe6bfffff 64bit pref]
Feb 06 12:44:44 server1.example.com kernel: pci 0000:00:18.4: PCI bridge to [bus 1f]
Feb 06 12:44:44 server1.example.com kernel: pci 0000:00:18.4:   bridge window [mem 0xfc100000-0xfc1fffff]
Feb 06 12:44:44 server1.example.com kernel: pci 0000:00:18.4:   bridge window [mem 0xe6700000-0xe67fffff 64bit pref]
Feb 06 12:44:44 server1.example.com kernel: pci 0000:00:18.5: PCI bridge to [bus 20]
Feb 06 12:44:44 server1.example.com kernel: pci 0000:00:18.5:   bridge window [mem 0xfbd00000-0xfbdfffff]
Feb 06 12:44:44 server1.example.com kernel: pci 0000:00:18.5:   bridge window [mem 0xe6300000-0xe63fffff 64bit pref]
Feb 06 12:44:44 server1.example.com kernel: pci 0000:00:18.6: PCI bridge to [bus 21]
Feb 06 12:44:44 server1.example.com kernel: pci 0000:00:18.6:   bridge window [mem 0xfb900000-0xfb9fffff]
Feb 06 12:44:44 server1.example.com kernel: pci 0000:00:18.6:   bridge window [mem 0xe5f00000-0xe5ffffff 64bit pref]
Feb 06 12:44:44 server1.example.com kernel: pci 0000:00:18.7: PCI bridge to [bus 22]
Feb 06 12:44:44 server1.example.com kernel: pci 0000:00:18.7:   bridge window [mem 0xfb500000-0xfb5fffff]
Feb 06 12:44:44 server1.example.com kernel: pci 0000:00:18.7:   bridge window [mem 0xe5b00000-0xe5bfffff 64bit pref]
Feb 06 12:44:44 server1.example.com kernel: ACPI: PCI Interrupt Link [LNKA] (IRQs 3 4 5 6 7 *9 10 11 14 15)
Feb 06 12:44:44 server1.example.com kernel: ACPI: PCI Interrupt Link [LNKB] (IRQs 3 4 5 6 7 9 10 *11 14 15)
Feb 06 12:44:44 server1.example.com kernel: ACPI: PCI Interrupt Link [LNKC] (IRQs 3 4 5 6 7 9 *10 11 14 15)
Feb 06 12:44:44 server1.example.com kernel: ACPI: PCI Interrupt Link [LNKD] (IRQs 3 4 5 6 *7 9 10 11 14 15)
Feb 06 12:44:44 server1.example.com kernel: iommu: Default domain type: Passthrough 
Feb 06 12:44:44 server1.example.com kernel: pci 0000:00:0f.0: vgaarb: setting as boot VGA device
Feb 06 12:44:44 server1.example.com kernel: pci 0000:00:0f.0: vgaarb: VGA device added: decodes=io+mem,owns=io+mem,locks=none
Feb 06 12:44:44 server1.example.com kernel: pci 0000:00:0f.0: vgaarb: bridge control possible
Feb 06 12:44:44 server1.example.com kernel: vgaarb: loaded
Feb 06 12:44:44 server1.example.com kernel: SCSI subsystem initialized
Feb 06 12:44:44 server1.example.com kernel: ACPI: bus type USB registered
Feb 06 12:44:44 server1.example.com kernel: usbcore: registered new interface driver usbfs
Feb 06 12:44:44 server1.example.com kernel: usbcore: registered new interface driver hub
Feb 06 12:44:44 server1.example.com kernel: usbcore: registered new device driver usb
Feb 06 12:44:44 server1.example.com kernel: pps_core: LinuxPPS API ver. 1 registered
Feb 06 12:44:44 server1.example.com kernel: pps_core: Software ver. 5.3.6 - Copyright 2005-2007 Rodolfo Giometti <giometti@linux.it>
Feb 06 12:44:44 server1.example.com kernel: PTP clock support registered
Feb 06 12:44:44 server1.example.com kernel: EDAC MC: Ver: 3.0.0
Feb 06 12:44:44 server1.example.com kernel: PCI: Using ACPI for IRQ routing
Feb 06 12:44:44 server1.example.com kernel: PCI: pci_cache_line_size set to 64 bytes
Feb 06 12:44:44 server1.example.com kernel: e820: reserve RAM buffer [mem 0x0009ec00-0x0009ffff]
Feb 06 12:44:44 server1.example.com kernel: e820: reserve RAM buffer [mem 0xbfed0000-0xbfffffff]
Feb 06 12:44:44 server1.example.com kernel: NetLabel: Initializing
Feb 06 12:44:44 server1.example.com kernel: NetLabel:  domain hash size = 128
Feb 06 12:44:44 server1.example.com kernel: NetLabel:  protocols = UNLABELED CIPSOv4 CALIPSO
Feb 06 12:44:44 server1.example.com kernel: NetLabel:  unlabeled traffic allowed by default
Feb 06 12:44:44 server1.example.com kernel: hpet0: at MMIO 0xfed00000, IRQs 2, 8, 0, 0, 0, 0, 0, 0, 0, 0, 0, 0, 0, 0, 0, 0
Feb 06 12:44:44 server1.example.com kernel: hpet0: 16 comparators, 64-bit 14.318180 MHz counter
Feb 06 12:44:44 server1.example.com kernel: clocksource: Switched to clocksource tsc-early
Feb 06 12:44:44 server1.example.com kernel: VFS: Disk quotas dquot_6.6.0
Feb 06 12:44:44 server1.example.com kernel: VFS: Dquot-cache hash table entries: 512 (order 0, 4096 bytes)
Feb 06 12:44:44 server1.example.com kernel: pnp: PnP ACPI init
Feb 06 12:44:44 server1.example.com kernel: system 00:00: [io  0x1000-0x103f] has been reserved
Feb 06 12:44:44 server1.example.com kernel: system 00:00: [io  0x1040-0x104f] has been reserved
Feb 06 12:44:44 server1.example.com kernel: system 00:00: [io  0x0cf0-0x0cf1] has been reserved
Feb 06 12:44:44 server1.example.com kernel: system 00:00: Plug and Play ACPI device, IDs PNP0c02 (active)
Feb 06 12:44:44 server1.example.com kernel: pnp 00:01: Plug and Play ACPI device, IDs PNP0b00 (active)
Feb 06 12:44:44 server1.example.com kernel: pnp 00:02: Plug and Play ACPI device, IDs PNP0303 (active)
Feb 06 12:44:44 server1.example.com kernel: pnp 00:03: Plug and Play ACPI device, IDs VMW0003 PNP0f13 (active)
Feb 06 12:44:44 server1.example.com kernel: system 00:04: [mem 0xfed00000-0xfed003ff] has been reserved
Feb 06 12:44:44 server1.example.com kernel: system 00:04: Plug and Play ACPI device, IDs PNP0103 PNP0c01 (active)
Feb 06 12:44:44 server1.example.com kernel: pnp 00:05: Plug and Play ACPI device, IDs PNP0501 (active)
Feb 06 12:44:44 server1.example.com kernel: system 00:06: [io  0xfce0-0xfcff] has been reserved
Feb 06 12:44:44 server1.example.com kernel: system 00:06: [mem 0xf0000000-0xf7ffffff] has been reserved
Feb 06 12:44:44 server1.example.com kernel: system 00:06: [mem 0xfe800000-0xfe9fffff] has been reserved
Feb 06 12:44:44 server1.example.com kernel: system 00:06: Plug and Play ACPI device, IDs PNP0c02 (active)
Feb 06 12:44:44 server1.example.com kernel: pnp: PnP ACPI: found 7 devices
Feb 06 12:44:44 server1.example.com kernel: clocksource: acpi_pm: mask: 0xffffff max_cycles: 0xffffff, max_idle_ns: 2085701024 ns
Feb 06 12:44:44 server1.example.com kernel: pci 0000:00:15.3: bridge window [io  0x1000-0x0fff] to [bus 06] add_size 1000
Feb 06 12:44:44 server1.example.com kernel: pci 0000:00:15.4: bridge window [io  0x1000-0x0fff] to [bus 07] add_size 1000
Feb 06 12:44:44 server1.example.com kernel: pci 0000:00:15.5: bridge window [io  0x1000-0x0fff] to [bus 08] add_size 1000
Feb 06 12:44:44 server1.example.com kernel: pci 0000:00:15.6: bridge window [io  0x1000-0x0fff] to [bus 09] add_size 1000
Feb 06 12:44:44 server1.example.com kernel: pci 0000:00:15.7: bridge window [io  0x1000-0x0fff] to [bus 0a] add_size 1000
Feb 06 12:44:44 server1.example.com kernel: pci 0000:00:16.3: bridge window [io  0x1000-0x0fff] to [bus 0e] add_size 1000
Feb 06 12:44:44 server1.example.com kernel: pci 0000:00:16.4: bridge window [io  0x1000-0x0fff] to [bus 0f] add_size 1000
Feb 06 12:44:44 server1.example.com kernel: pci 0000:00:16.5: bridge window [io  0x1000-0x0fff] to [bus 10] add_size 1000
Feb 06 12:44:44 server1.example.com kernel: pci 0000:00:16.6: bridge window [io  0x1000-0x0fff] to [bus 11] add_size 1000
Feb 06 12:44:44 server1.example.com kernel: pci 0000:00:16.7: bridge window [io  0x1000-0x0fff] to [bus 12] add_size 1000
Feb 06 12:44:44 server1.example.com kernel: pci 0000:00:17.3: bridge window [io  0x1000-0x0fff] to [bus 16] add_size 1000
Feb 06 12:44:44 server1.example.com kernel: pci 0000:00:17.4: bridge window [io  0x1000-0x0fff] to [bus 17] add_size 1000
Feb 06 12:44:44 server1.example.com kernel: pci 0000:00:17.5: bridge window [io  0x1000-0x0fff] to [bus 18] add_size 1000
Feb 06 12:44:44 server1.example.com kernel: pci 0000:00:17.6: bridge window [io  0x1000-0x0fff] to [bus 19] add_size 1000
Feb 06 12:44:44 server1.example.com kernel: pci 0000:00:17.7: bridge window [io  0x1000-0x0fff] to [bus 1a] add_size 1000
Feb 06 12:44:44 server1.example.com kernel: pci 0000:00:18.2: bridge window [io  0x1000-0x0fff] to [bus 1d] add_size 1000
Feb 06 12:44:44 server1.example.com kernel: pci 0000:00:18.3: bridge window [io  0x1000-0x0fff] to [bus 1e] add_size 1000
Feb 06 12:44:44 server1.example.com kernel: pci 0000:00:18.4: bridge window [io  0x1000-0x0fff] to [bus 1f] add_size 1000
Feb 06 12:44:44 server1.example.com kernel: pci 0000:00:18.5: bridge window [io  0x1000-0x0fff] to [bus 20] add_size 1000
Feb 06 12:44:44 server1.example.com kernel: pci 0000:00:18.6: bridge window [io  0x1000-0x0fff] to [bus 21] add_size 1000
Feb 06 12:44:44 server1.example.com kernel: pci 0000:00:18.7: bridge window [io  0x1000-0x0fff] to [bus 22] add_size 1000
Feb 06 12:44:44 server1.example.com kernel: pci 0000:00:0f.0: BAR 6: assigned [mem 0xc0000000-0xc0007fff pref]
Feb 06 12:44:44 server1.example.com kernel: pci 0000:00:10.0: BAR 6: assigned [mem 0xc0008000-0xc000bfff pref]
Feb 06 12:44:44 server1.example.com kernel: pci 0000:00:15.3: BAR 13: no space for [io  size 0x1000]
Feb 06 12:44:44 server1.example.com kernel: pci 0000:00:15.3: BAR 13: failed to assign [io  size 0x1000]
Feb 06 12:44:44 server1.example.com kernel: pci 0000:00:15.4: BAR 13: no space for [io  size 0x1000]
Feb 06 12:44:44 server1.example.com kernel: pci 0000:00:15.4: BAR 13: failed to assign [io  size 0x1000]
Feb 06 12:44:44 server1.example.com kernel: pci 0000:00:15.5: BAR 13: no space for [io  size 0x1000]
Feb 06 12:44:44 server1.example.com kernel: pci 0000:00:15.5: BAR 13: failed to assign [io  size 0x1000]
Feb 06 12:44:44 server1.example.com kernel: pci 0000:00:15.6: BAR 13: no space for [io  size 0x1000]
Feb 06 12:44:44 server1.example.com kernel: pci 0000:00:15.6: BAR 13: failed to assign [io  size 0x1000]
Feb 06 12:44:44 server1.example.com kernel: pci 0000:00:15.7: BAR 13: no space for [io  size 0x1000]
Feb 06 12:44:44 server1.example.com kernel: pci 0000:00:15.7: BAR 13: failed to assign [io  size 0x1000]
Feb 06 12:44:44 server1.example.com kernel: pci 0000:00:16.3: BAR 13: no space for [io  size 0x1000]
Feb 06 12:44:44 server1.example.com kernel: pci 0000:00:16.3: BAR 13: failed to assign [io  size 0x1000]
Feb 06 12:44:44 server1.example.com kernel: pci 0000:00:16.4: BAR 13: no space for [io  size 0x1000]
Feb 06 12:44:44 server1.example.com kernel: pci 0000:00:16.4: BAR 13: failed to assign [io  size 0x1000]
Feb 06 12:44:44 server1.example.com kernel: pci 0000:00:16.5: BAR 13: no space for [io  size 0x1000]
Feb 06 12:44:44 server1.example.com kernel: pci 0000:00:16.5: BAR 13: failed to assign [io  size 0x1000]
Feb 06 12:44:44 server1.example.com kernel: pci 0000:00:16.6: BAR 13: no space for [io  size 0x1000]
Feb 06 12:44:44 server1.example.com kernel: pci 0000:00:16.6: BAR 13: failed to assign [io  size 0x1000]
Feb 06 12:44:44 server1.example.com kernel: pci 0000:00:16.7: BAR 13: no space for [io  size 0x1000]
Feb 06 12:44:44 server1.example.com kernel: pci 0000:00:16.7: BAR 13: failed to assign [io  size 0x1000]
Feb 06 12:44:44 server1.example.com kernel: pci 0000:00:17.3: BAR 13: no space for [io  size 0x1000]
Feb 06 12:44:44 server1.example.com kernel: pci 0000:00:17.3: BAR 13: failed to assign [io  size 0x1000]
Feb 06 12:44:44 server1.example.com kernel: pci 0000:00:17.4: BAR 13: no space for [io  size 0x1000]
Feb 06 12:44:44 server1.example.com kernel: pci 0000:00:17.4: BAR 13: failed to assign [io  size 0x1000]
Feb 06 12:44:44 server1.example.com kernel: pci 0000:00:17.5: BAR 13: no space for [io  size 0x1000]
Feb 06 12:44:44 server1.example.com kernel: pci 0000:00:17.5: BAR 13: failed to assign [io  size 0x1000]
Feb 06 12:44:44 server1.example.com kernel: pci 0000:00:17.6: BAR 13: no space for [io  size 0x1000]
Feb 06 12:44:44 server1.example.com kernel: pci 0000:00:17.6: BAR 13: failed to assign [io  size 0x1000]
Feb 06 12:44:44 server1.example.com kernel: pci 0000:00:17.7: BAR 13: no space for [io  size 0x1000]
Feb 06 12:44:44 server1.example.com kernel: pci 0000:00:17.7: BAR 13: failed to assign [io  size 0x1000]
Feb 06 12:44:44 server1.example.com kernel: pci 0000:00:18.2: BAR 13: no space for [io  size 0x1000]
Feb 06 12:44:44 server1.example.com kernel: pci 0000:00:18.2: BAR 13: failed to assign [io  size 0x1000]
Feb 06 12:44:44 server1.example.com kernel: pci 0000:00:18.3: BAR 13: no space for [io  size 0x1000]
Feb 06 12:44:44 server1.example.com kernel: pci 0000:00:18.3: BAR 13: failed to assign [io  size 0x1000]
Feb 06 12:44:44 server1.example.com kernel: pci 0000:00:18.4: BAR 13: no space for [io  size 0x1000]
Feb 06 12:44:44 server1.example.com kernel: pci 0000:00:18.4: BAR 13: failed to assign [io  size 0x1000]
Feb 06 12:44:44 server1.example.com kernel: pci 0000:00:18.5: BAR 13: no space for [io  size 0x1000]
Feb 06 12:44:44 server1.example.com kernel: pci 0000:00:18.5: BAR 13: failed to assign [io  size 0x1000]
Feb 06 12:44:44 server1.example.com kernel: pci 0000:00:18.6: BAR 13: no space for [io  size 0x1000]
Feb 06 12:44:44 server1.example.com kernel: pci 0000:00:18.6: BAR 13: failed to assign [io  size 0x1000]
Feb 06 12:44:44 server1.example.com kernel: pci 0000:00:18.7: BAR 13: no space for [io  size 0x1000]
Feb 06 12:44:44 server1.example.com kernel: pci 0000:00:18.7: BAR 13: failed to assign [io  size 0x1000]
Feb 06 12:44:44 server1.example.com kernel: pci 0000:00:18.7: BAR 13: no space for [io  size 0x1000]
Feb 06 12:44:44 server1.example.com kernel: pci 0000:00:18.7: BAR 13: failed to assign [io  size 0x1000]
Feb 06 12:44:44 server1.example.com kernel: pci 0000:00:18.6: BAR 13: no space for [io  size 0x1000]
Feb 06 12:44:44 server1.example.com kernel: pci 0000:00:18.6: BAR 13: failed to assign [io  size 0x1000]
Feb 06 12:44:44 server1.example.com kernel: pci 0000:00:18.5: BAR 13: no space for [io  size 0x1000]
Feb 06 12:44:44 server1.example.com kernel: pci 0000:00:18.5: BAR 13: failed to assign [io  size 0x1000]
Feb 06 12:44:44 server1.example.com kernel: pci 0000:00:18.4: BAR 13: no space for [io  size 0x1000]
Feb 06 12:44:44 server1.example.com kernel: pci 0000:00:18.4: BAR 13: failed to assign [io  size 0x1000]
Feb 06 12:44:44 server1.example.com kernel: pci 0000:00:18.3: BAR 13: no space for [io  size 0x1000]
Feb 06 12:44:44 server1.example.com kernel: pci 0000:00:18.3: BAR 13: failed to assign [io  size 0x1000]
Feb 06 12:44:44 server1.example.com kernel: pci 0000:00:18.2: BAR 13: no space for [io  size 0x1000]
Feb 06 12:44:44 server1.example.com kernel: pci 0000:00:18.2: BAR 13: failed to assign [io  size 0x1000]
Feb 06 12:44:44 server1.example.com kernel: pci 0000:00:17.7: BAR 13: no space for [io  size 0x1000]
Feb 06 12:44:44 server1.example.com kernel: pci 0000:00:17.7: BAR 13: failed to assign [io  size 0x1000]
Feb 06 12:44:44 server1.example.com kernel: pci 0000:00:17.6: BAR 13: no space for [io  size 0x1000]
Feb 06 12:44:44 server1.example.com kernel: pci 0000:00:17.6: BAR 13: failed to assign [io  size 0x1000]
Feb 06 12:44:44 server1.example.com kernel: pci 0000:00:17.5: BAR 13: no space for [io  size 0x1000]
Feb 06 12:44:44 server1.example.com kernel: pci 0000:00:17.5: BAR 13: failed to assign [io  size 0x1000]
Feb 06 12:44:44 server1.example.com kernel: pci 0000:00:17.4: BAR 13: no space for [io  size 0x1000]
Feb 06 12:44:44 server1.example.com kernel: pci 0000:00:17.4: BAR 13: failed to assign [io  size 0x1000]
Feb 06 12:44:44 server1.example.com kernel: pci 0000:00:17.3: BAR 13: no space for [io  size 0x1000]
Feb 06 12:44:44 server1.example.com kernel: pci 0000:00:17.3: BAR 13: failed to assign [io  size 0x1000]
Feb 06 12:44:44 server1.example.com kernel: pci 0000:00:16.7: BAR 13: no space for [io  size 0x1000]
Feb 06 12:44:44 server1.example.com kernel: pci 0000:00:16.7: BAR 13: failed to assign [io  size 0x1000]
Feb 06 12:44:44 server1.example.com kernel: pci 0000:00:16.6: BAR 13: no space for [io  size 0x1000]
Feb 06 12:44:44 server1.example.com kernel: pci 0000:00:16.6: BAR 13: failed to assign [io  size 0x1000]
Feb 06 12:44:44 server1.example.com kernel: pci 0000:00:16.5: BAR 13: no space for [io  size 0x1000]
Feb 06 12:44:44 server1.example.com kernel: pci 0000:00:16.5: BAR 13: failed to assign [io  size 0x1000]
Feb 06 12:44:44 server1.example.com kernel: pci 0000:00:16.4: BAR 13: no space for [io  size 0x1000]
Feb 06 12:44:44 server1.example.com kernel: pci 0000:00:16.4: BAR 13: failed to assign [io  size 0x1000]
Feb 06 12:44:44 server1.example.com kernel: pci 0000:00:16.3: BAR 13: no space for [io  size 0x1000]
Feb 06 12:44:44 server1.example.com kernel: pci 0000:00:16.3: BAR 13: failed to assign [io  size 0x1000]
Feb 06 12:44:44 server1.example.com kernel: pci 0000:00:15.7: BAR 13: no space for [io  size 0x1000]
Feb 06 12:44:44 server1.example.com kernel: pci 0000:00:15.7: BAR 13: failed to assign [io  size 0x1000]
Feb 06 12:44:44 server1.example.com kernel: pci 0000:00:15.6: BAR 13: no space for [io  size 0x1000]
Feb 06 12:44:44 server1.example.com kernel: pci 0000:00:15.6: BAR 13: failed to assign [io  size 0x1000]
Feb 06 12:44:44 server1.example.com kernel: pci 0000:00:15.5: BAR 13: no space for [io  size 0x1000]
Feb 06 12:44:44 server1.example.com kernel: pci 0000:00:15.5: BAR 13: failed to assign [io  size 0x1000]
Feb 06 12:44:44 server1.example.com kernel: pci 0000:00:15.4: BAR 13: no space for [io  size 0x1000]
Feb 06 12:44:44 server1.example.com kernel: pci 0000:00:15.4: BAR 13: failed to assign [io  size 0x1000]
Feb 06 12:44:44 server1.example.com kernel: pci 0000:00:15.3: BAR 13: no space for [io  size 0x1000]
Feb 06 12:44:44 server1.example.com kernel: pci 0000:00:15.3: BAR 13: failed to assign [io  size 0x1000]
Feb 06 12:44:44 server1.example.com kernel: pci 0000:00:01.0: PCI bridge to [bus 01]
Feb 06 12:44:44 server1.example.com kernel: pci 0000:02:01.0: BAR 6: assigned [mem 0xfd500000-0xfd50ffff pref]
Feb 06 12:44:44 server1.example.com kernel: pci 0000:00:11.0: PCI bridge to [bus 02]
Feb 06 12:44:44 server1.example.com kernel: pci 0000:00:11.0:   bridge window [io  0x2000-0x3fff]
Feb 06 12:44:44 server1.example.com kernel: pci 0000:00:11.0:   bridge window [mem 0xfd500000-0xfdffffff]
Feb 06 12:44:44 server1.example.com kernel: pci 0000:00:11.0:   bridge window [mem 0xe7b00000-0xe7ffffff 64bit pref]
Feb 06 12:44:44 server1.example.com kernel: pci 0000:00:15.0: PCI bridge to [bus 03]
Feb 06 12:44:44 server1.example.com kernel: pci 0000:00:15.0:   bridge window [io  0x4000-0x4fff]
Feb 06 12:44:44 server1.example.com kernel: pci 0000:00:15.0:   bridge window [mem 0xfd400000-0xfd4fffff]
Feb 06 12:44:44 server1.example.com kernel: pci 0000:00:15.0:   bridge window [mem 0xe7a00000-0xe7afffff 64bit pref]
Feb 06 12:44:44 server1.example.com kernel: pci 0000:00:15.1: PCI bridge to [bus 04]
Feb 06 12:44:44 server1.example.com kernel: pci 0000:00:15.1:   bridge window [io  0x8000-0x8fff]
Feb 06 12:44:44 server1.example.com kernel: pci 0000:00:15.1:   bridge window [mem 0xfd000000-0xfd0fffff]
Feb 06 12:44:44 server1.example.com kernel: pci 0000:00:15.1:   bridge window [mem 0xe7600000-0xe76fffff 64bit pref]
Feb 06 12:44:44 server1.example.com kernel: pci 0000:00:15.2: PCI bridge to [bus 05]
Feb 06 12:44:44 server1.example.com kernel: pci 0000:00:15.2:   bridge window [io  0xc000-0xcfff]
Feb 06 12:44:44 server1.example.com kernel: pci 0000:00:15.2:   bridge window [mem 0xfcc00000-0xfccfffff]
Feb 06 12:44:44 server1.example.com kernel: pci 0000:00:15.2:   bridge window [mem 0xe7200000-0xe72fffff 64bit pref]
Feb 06 12:44:44 server1.example.com kernel: pci 0000:00:15.3: PCI bridge to [bus 06]
Feb 06 12:44:44 server1.example.com kernel: pci 0000:00:15.3:   bridge window [mem 0xfc800000-0xfc8fffff]
Feb 06 12:44:44 server1.example.com kernel: pci 0000:00:15.3:   bridge window [mem 0xe6e00000-0xe6efffff 64bit pref]
Feb 06 12:44:44 server1.example.com kernel: pci 0000:00:15.4: PCI bridge to [bus 07]
Feb 06 12:44:44 server1.example.com kernel: pci 0000:00:15.4:   bridge window [mem 0xfc400000-0xfc4fffff]
Feb 06 12:44:44 server1.example.com kernel: pci 0000:00:15.4:   bridge window [mem 0xe6a00000-0xe6afffff 64bit pref]
Feb 06 12:44:44 server1.example.com kernel: pci 0000:00:15.5: PCI bridge to [bus 08]
Feb 06 12:44:44 server1.example.com kernel: pci 0000:00:15.5:   bridge window [mem 0xfc000000-0xfc0fffff]
Feb 06 12:44:44 server1.example.com kernel: pci 0000:00:15.5:   bridge window [mem 0xe6600000-0xe66fffff 64bit pref]
Feb 06 12:44:44 server1.example.com kernel: pci 0000:00:15.6: PCI bridge to [bus 09]
Feb 06 12:44:44 server1.example.com kernel: pci 0000:00:15.6:   bridge window [mem 0xfbc00000-0xfbcfffff]
Feb 06 12:44:44 server1.example.com kernel: pci 0000:00:15.6:   bridge window [mem 0xe6200000-0xe62fffff 64bit pref]
Feb 06 12:44:44 server1.example.com kernel: pci 0000:00:15.7: PCI bridge to [bus 0a]
Feb 06 12:44:44 server1.example.com kernel: pci 0000:00:15.7:   bridge window [mem 0xfb800000-0xfb8fffff]
Feb 06 12:44:44 server1.example.com kernel: pci 0000:00:15.7:   bridge window [mem 0xe5e00000-0xe5efffff 64bit pref]
Feb 06 12:44:44 server1.example.com kernel: pci 0000:00:16.0: PCI bridge to [bus 0b]
Feb 06 12:44:44 server1.example.com kernel: pci 0000:00:16.0:   bridge window [io  0x5000-0x5fff]
Feb 06 12:44:44 server1.example.com kernel: pci 0000:00:16.0:   bridge window [mem 0xfd300000-0xfd3fffff]
Feb 06 12:44:44 server1.example.com kernel: pci 0000:00:16.0:   bridge window [mem 0xe7900000-0xe79fffff 64bit pref]
Feb 06 12:44:44 server1.example.com kernel: pci 0000:00:16.1: PCI bridge to [bus 0c]
Feb 06 12:44:44 server1.example.com kernel: pci 0000:00:16.1:   bridge window [io  0x9000-0x9fff]
Feb 06 12:44:44 server1.example.com kernel: pci 0000:00:16.1:   bridge window [mem 0xfcf00000-0xfcffffff]
Feb 06 12:44:44 server1.example.com kernel: pci 0000:00:16.1:   bridge window [mem 0xe7500000-0xe75fffff 64bit pref]
Feb 06 12:44:44 server1.example.com kernel: pci 0000:00:16.2: PCI bridge to [bus 0d]
Feb 06 12:44:44 server1.example.com kernel: pci 0000:00:16.2:   bridge window [io  0xd000-0xdfff]
Feb 06 12:44:44 server1.example.com kernel: pci 0000:00:16.2:   bridge window [mem 0xfcb00000-0xfcbfffff]
Feb 06 12:44:44 server1.example.com kernel: pci 0000:00:16.2:   bridge window [mem 0xe7100000-0xe71fffff 64bit pref]
Feb 06 12:44:44 server1.example.com kernel: pci 0000:00:16.3: PCI bridge to [bus 0e]
Feb 06 12:44:44 server1.example.com kernel: pci 0000:00:16.3:   bridge window [mem 0xfc700000-0xfc7fffff]
Feb 06 12:44:44 server1.example.com kernel: pci 0000:00:16.3:   bridge window [mem 0xe6d00000-0xe6dfffff 64bit pref]
Feb 06 12:44:44 server1.example.com kernel: pci 0000:00:16.4: PCI bridge to [bus 0f]
Feb 06 12:44:44 server1.example.com kernel: pci 0000:00:16.4:   bridge window [mem 0xfc300000-0xfc3fffff]
Feb 06 12:44:44 server1.example.com kernel: pci 0000:00:16.4:   bridge window [mem 0xe6900000-0xe69fffff 64bit pref]
Feb 06 12:44:44 server1.example.com kernel: pci 0000:00:16.5: PCI bridge to [bus 10]
Feb 06 12:44:44 server1.example.com kernel: pci 0000:00:16.5:   bridge window [mem 0xfbf00000-0xfbffffff]
Feb 06 12:44:44 server1.example.com kernel: pci 0000:00:16.5:   bridge window [mem 0xe6500000-0xe65fffff 64bit pref]
Feb 06 12:44:44 server1.example.com kernel: pci 0000:00:16.6: PCI bridge to [bus 11]
Feb 06 12:44:44 server1.example.com kernel: pci 0000:00:16.6:   bridge window [mem 0xfbb00000-0xfbbfffff]
Feb 06 12:44:44 server1.example.com kernel: pci 0000:00:16.6:   bridge window [mem 0xe6100000-0xe61fffff 64bit pref]
Feb 06 12:44:44 server1.example.com kernel: pci 0000:00:16.7: PCI bridge to [bus 12]
Feb 06 12:44:44 server1.example.com kernel: pci 0000:00:16.7:   bridge window [mem 0xfb700000-0xfb7fffff]
Feb 06 12:44:44 server1.example.com kernel: pci 0000:00:16.7:   bridge window [mem 0xe5d00000-0xe5dfffff 64bit pref]
Feb 06 12:44:44 server1.example.com kernel: pci 0000:00:17.0: PCI bridge to [bus 13]
Feb 06 12:44:44 server1.example.com kernel: pci 0000:00:17.0:   bridge window [io  0x6000-0x6fff]
Feb 06 12:44:44 server1.example.com kernel: pci 0000:00:17.0:   bridge window [mem 0xfd200000-0xfd2fffff]
Feb 06 12:44:44 server1.example.com kernel: pci 0000:00:17.0:   bridge window [mem 0xe7800000-0xe78fffff 64bit pref]
Feb 06 12:44:44 server1.example.com kernel: pci 0000:00:17.1: PCI bridge to [bus 14]
Feb 06 12:44:44 server1.example.com kernel: pci 0000:00:17.1:   bridge window [io  0xa000-0xafff]
Feb 06 12:44:44 server1.example.com kernel: pci 0000:00:17.1:   bridge window [mem 0xfce00000-0xfcefffff]
Feb 06 12:44:44 server1.example.com kernel: pci 0000:00:17.1:   bridge window [mem 0xe7400000-0xe74fffff 64bit pref]
Feb 06 12:44:44 server1.example.com kernel: pci 0000:00:17.2: PCI bridge to [bus 15]
Feb 06 12:44:44 server1.example.com kernel: pci 0000:00:17.2:   bridge window [io  0xe000-0xefff]
Feb 06 12:44:44 server1.example.com kernel: pci 0000:00:17.2:   bridge window [mem 0xfca00000-0xfcafffff]
Feb 06 12:44:44 server1.example.com kernel: pci 0000:00:17.2:   bridge window [mem 0xe7000000-0xe70fffff 64bit pref]
Feb 06 12:44:44 server1.example.com kernel: pci 0000:00:17.3: PCI bridge to [bus 16]
Feb 06 12:44:44 server1.example.com kernel: pci 0000:00:17.3:   bridge window [mem 0xfc600000-0xfc6fffff]
Feb 06 12:44:44 server1.example.com kernel: pci 0000:00:17.3:   bridge window [mem 0xe6c00000-0xe6cfffff 64bit pref]
Feb 06 12:44:44 server1.example.com kernel: pci 0000:00:17.4: PCI bridge to [bus 17]
Feb 06 12:44:44 server1.example.com kernel: pci 0000:00:17.4:   bridge window [mem 0xfc200000-0xfc2fffff]
Feb 06 12:44:44 server1.example.com kernel: pci 0000:00:17.4:   bridge window [mem 0xe6800000-0xe68fffff 64bit pref]
Feb 06 12:44:44 server1.example.com kernel: pci 0000:00:17.5: PCI bridge to [bus 18]
Feb 06 12:44:44 server1.example.com kernel: pci 0000:00:17.5:   bridge window [mem 0xfbe00000-0xfbefffff]
Feb 06 12:44:44 server1.example.com kernel: pci 0000:00:17.5:   bridge window [mem 0xe6400000-0xe64fffff 64bit pref]
Feb 06 12:44:44 server1.example.com kernel: pci 0000:00:17.6: PCI bridge to [bus 19]
Feb 06 12:44:44 server1.example.com kernel: pci 0000:00:17.6:   bridge window [mem 0xfba00000-0xfbafffff]
Feb 06 12:44:44 server1.example.com kernel: pci 0000:00:17.6:   bridge window [mem 0xe6000000-0xe60fffff 64bit pref]
Feb 06 12:44:44 server1.example.com kernel: pci 0000:00:17.7: PCI bridge to [bus 1a]
Feb 06 12:44:44 server1.example.com kernel: pci 0000:00:17.7:   bridge window [mem 0xfb600000-0xfb6fffff]
